Archive member included to satisfy reference by file (symbol)

/opt/st/stm32cubeide_1.7.0/plugins/com.st.stm32cube.ide.mcu.externaltools.gnu-tools-for-stm32.9-2020-q2-update.linux64_2.0.0.202105311346/tools/bin/../lib/gcc/arm-none-eabi/9.3.1/../../../../arm-none-eabi/lib/thumb/v7e-m+fp/hard/libc_nano.a(lib_a-errno.o)
                              ./Core/Src/syscalls.o (__errno)
/opt/st/stm32cubeide_1.7.0/plugins/com.st.stm32cube.ide.mcu.externaltools.gnu-tools-for-stm32.9-2020-q2-update.linux64_2.0.0.202105311346/tools/bin/../lib/gcc/arm-none-eabi/9.3.1/../../../../arm-none-eabi/lib/thumb/v7e-m+fp/hard/libc_nano.a(lib_a-exit.o)
                              /opt/st/stm32cubeide_1.7.0/plugins/com.st.stm32cube.ide.mcu.externaltools.gnu-tools-for-stm32.9-2020-q2-update.linux64_2.0.0.202105311346/tools/bin/../lib/gcc/arm-none-eabi/9.3.1/../../../../arm-none-eabi/lib/thumb/v7e-m+fp/hard/crt0.o (exit)
/opt/st/stm32cubeide_1.7.0/plugins/com.st.stm32cube.ide.mcu.externaltools.gnu-tools-for-stm32.9-2020-q2-update.linux64_2.0.0.202105311346/tools/bin/../lib/gcc/arm-none-eabi/9.3.1/../../../../arm-none-eabi/lib/thumb/v7e-m+fp/hard/libc_nano.a(lib_a-impure.o)
                              /opt/st/stm32cubeide_1.7.0/plugins/com.st.stm32cube.ide.mcu.externaltools.gnu-tools-for-stm32.9-2020-q2-update.linux64_2.0.0.202105311346/tools/bin/../lib/gcc/arm-none-eabi/9.3.1/../../../../arm-none-eabi/lib/thumb/v7e-m+fp/hard/libc_nano.a(lib_a-exit.o) (_global_impure_ptr)
/opt/st/stm32cubeide_1.7.0/plugins/com.st.stm32cube.ide.mcu.externaltools.gnu-tools-for-stm32.9-2020-q2-update.linux64_2.0.0.202105311346/tools/bin/../lib/gcc/arm-none-eabi/9.3.1/../../../../arm-none-eabi/lib/thumb/v7e-m+fp/hard/libc_nano.a(lib_a-init.o)
                              /opt/st/stm32cubeide_1.7.0/plugins/com.st.stm32cube.ide.mcu.externaltools.gnu-tools-for-stm32.9-2020-q2-update.linux64_2.0.0.202105311346/tools/bin/../lib/gcc/arm-none-eabi/9.3.1/../../../../arm-none-eabi/lib/thumb/v7e-m+fp/hard/crt0.o (__libc_init_array)
/opt/st/stm32cubeide_1.7.0/plugins/com.st.stm32cube.ide.mcu.externaltools.gnu-tools-for-stm32.9-2020-q2-update.linux64_2.0.0.202105311346/tools/bin/../lib/gcc/arm-none-eabi/9.3.1/../../../../arm-none-eabi/lib/thumb/v7e-m+fp/hard/libc_nano.a(lib_a-memset.o)
                              /opt/st/stm32cubeide_1.7.0/plugins/com.st.stm32cube.ide.mcu.externaltools.gnu-tools-for-stm32.9-2020-q2-update.linux64_2.0.0.202105311346/tools/bin/../lib/gcc/arm-none-eabi/9.3.1/../../../../arm-none-eabi/lib/thumb/v7e-m+fp/hard/crt0.o (memset)
/opt/st/stm32cubeide_1.7.0/plugins/com.st.stm32cube.ide.mcu.externaltools.gnu-tools-for-stm32.9-2020-q2-update.linux64_2.0.0.202105311346/tools/bin/../lib/gcc/arm-none-eabi/9.3.1/../../../../arm-none-eabi/lib/thumb/v7e-m+fp/hard/libc_nano.a(lib_a-sprintf.o)
                              ./Core/Src/app.o (sprintf)
/opt/st/stm32cubeide_1.7.0/plugins/com.st.stm32cube.ide.mcu.externaltools.gnu-tools-for-stm32.9-2020-q2-update.linux64_2.0.0.202105311346/tools/bin/../lib/gcc/arm-none-eabi/9.3.1/../../../../arm-none-eabi/lib/thumb/v7e-m+fp/hard/libc_nano.a(lib_a-strlen.o)
                              ./Core/Src/LCD_Driver/lcd.o (strlen)
/opt/st/stm32cubeide_1.7.0/plugins/com.st.stm32cube.ide.mcu.externaltools.gnu-tools-for-stm32.9-2020-q2-update.linux64_2.0.0.202105311346/tools/bin/../lib/gcc/arm-none-eabi/9.3.1/../../../../arm-none-eabi/lib/thumb/v7e-m+fp/hard/libc_nano.a(lib_a-nano-svfprintf.o)
                              /opt/st/stm32cubeide_1.7.0/plugins/com.st.stm32cube.ide.mcu.externaltools.gnu-tools-for-stm32.9-2020-q2-update.linux64_2.0.0.202105311346/tools/bin/../lib/gcc/arm-none-eabi/9.3.1/../../../../arm-none-eabi/lib/thumb/v7e-m+fp/hard/libc_nano.a(lib_a-sprintf.o) (_svfprintf_r)
/opt/st/stm32cubeide_1.7.0/plugins/com.st.stm32cube.ide.mcu.externaltools.gnu-tools-for-stm32.9-2020-q2-update.linux64_2.0.0.202105311346/tools/bin/../lib/gcc/arm-none-eabi/9.3.1/../../../../arm-none-eabi/lib/thumb/v7e-m+fp/hard/libc_nano.a(lib_a-nano-vfprintf_i.o)
                              /opt/st/stm32cubeide_1.7.0/plugins/com.st.stm32cube.ide.mcu.externaltools.gnu-tools-for-stm32.9-2020-q2-update.linux64_2.0.0.202105311346/tools/bin/../lib/gcc/arm-none-eabi/9.3.1/../../../../arm-none-eabi/lib/thumb/v7e-m+fp/hard/libc_nano.a(lib_a-nano-svfprintf.o) (_printf_i)
/opt/st/stm32cubeide_1.7.0/plugins/com.st.stm32cube.ide.mcu.externaltools.gnu-tools-for-stm32.9-2020-q2-update.linux64_2.0.0.202105311346/tools/bin/../lib/gcc/arm-none-eabi/9.3.1/../../../../arm-none-eabi/lib/thumb/v7e-m+fp/hard/libc_nano.a(lib_a-memchr.o)
                              /opt/st/stm32cubeide_1.7.0/plugins/com.st.stm32cube.ide.mcu.externaltools.gnu-tools-for-stm32.9-2020-q2-update.linux64_2.0.0.202105311346/tools/bin/../lib/gcc/arm-none-eabi/9.3.1/../../../../arm-none-eabi/lib/thumb/v7e-m+fp/hard/libc_nano.a(lib_a-nano-svfprintf.o) (memchr)
[...]
Memory Configuration

Name             Origin             Length             Attributes
RAM              0x0000000020000000 0x0000000000050000 xrw
FLASH            0x0000000008000000 0x0000000000100000 xr
*default*        0x0000000000000000 0xffffffffffffffff

Linker script and memory map

LOAD /opt/st/stm32cubeide_1.7.0/plugins/com.st.stm32cube.ide.mcu.externaltools.gnu-tools-for-stm32.9-2020-q2-update.linux64_2.0.0.202105311346/tools/bin/../lib/gcc/arm-none-eabi/9.3.1/thumb/v7e-m+fp/hard/crti.o
LOAD /opt/st/stm32cubeide_1.7.0/plugins/com.st.stm32cube.ide.mcu.externaltools.gnu-tools-for-stm32.9-2020-q2-update.linux64_2.0.0.202105311346/tools/bin/../lib/gcc/arm-none-eabi/9.3.1/thumb/v7e-m+fp/hard/crtbegin.o
LOAD /opt/st/stm32cubeide_1.7.0/plugins/com.st.stm32cube.ide.mcu.externaltools.gnu-tools-for-stm32.9-2020-q2-update.linux64_2.0.0.202105311346/tools/bin/../lib/gcc/arm-none-eabi/9.3.1/../../../../arm-none-eabi/lib/thumb/v7e-m+fp/hard/crt0.o
LOAD ./Core/Src/AltIMU10v5/LIS3MDL.o
LOAD ./Core/Src/AltIMU10v5/LPS25H.o
LOAD ./Core/Src/AltIMU10v5/LSM6DS33.o
LOAD ./Core/Src/LCD_Driver/ft5336.o
LOAD ./Core/Src/LCD_Driver/lcd.o
LOAD ./Core/Src/LCD_Driver/touch.o
LOAD ./Core/Src/LCD_Driver/ts.o
LOAD ./Core/Src/app.o
LOAD ./Core/Src/main.o
LOAD ./Core/Src/stm32f7xx_hal_msp.o
LOAD ./Core/Src/stm32f7xx_it.o
LOAD ./Core/Src/syscalls.o
LOAD ./Core/Src/sysmem.o
LOAD ./Core/Src/system_stm32f7xx.o
LOAD ./Core/Src/button/back_pressed.o
LOAD ./Core/Src/button/chart_pressed.o
LOAD ./Core/Src/hmi_fonts/font16.o
LOAD ./Core/Src/hmi_fonts/font30.o
LOAD ./Core/Src/hmi_fonts/font48.o
LOAD ./Core/Src/images/QRcode.o
LOAD ./Core/Src/images/chart.o
LOAD ./Core/Startup/startup_stm32f746nghx.o
LOAD ./Drivers/STM32F7xx_HAL_Driver/Src/stm32f7xx_hal.o
LOAD ./Drivers/STM32F7xx_HAL_Driver/Src/stm32f7xx_hal_cortex.o
LOAD ./Drivers/STM32F7xx_HAL_Driver/Src/stm32f7xx_hal_dma.o
LOAD ./Drivers/STM32F7xx_HAL_Driver/Src/stm32f7xx_hal_dma_ex.o
LOAD ./Drivers/STM32F7xx_HAL_Driver/Src/stm32f7xx_hal_dsi.o
LOAD ./Drivers/STM32F7xx_HAL_Driver/Src/stm32f7xx_hal_exti.o
LOAD ./Drivers/STM32F7xx_HAL_Driver/Src/stm32f7xx_hal_flash.o
LOAD ./Drivers/STM32F7xx_HAL_Driver/Src/stm32f7xx_hal_flash_ex.o
LOAD ./Drivers/STM32F7xx_HAL_Driver/Src/stm32f7xx_hal_gpio.o
LOAD ./Drivers/STM32F7xx_HAL_Driver/Src/stm32f7xx_hal_i2c.o
LOAD ./Drivers/STM32F7xx_HAL_Driver/Src/stm32f7xx_hal_i2c_ex.o
LOAD ./Drivers/STM32F7xx_HAL_Driver/Src/stm32f7xx_hal_ltdc.o
LOAD ./Drivers/STM32F7xx_HAL_Driver/Src/stm32f7xx_hal_ltdc_ex.o
LOAD ./Drivers/STM32F7xx_HAL_Driver/Src/stm32f7xx_hal_pwr.o
LOAD ./Drivers/STM32F7xx_HAL_Driver/Src/stm32f7xx_hal_pwr_ex.o
LOAD ./Drivers/STM32F7xx_HAL_Driver/Src/stm32f7xx_hal_rcc.o
LOAD ./Drivers/STM32F7xx_HAL_Driver/Src/stm32f7xx_hal_rcc_ex.o
LOAD ./Drivers/STM32F7xx_HAL_Driver/Src/stm32f7xx_hal_sdram.o
LOAD ./Drivers/STM32F7xx_HAL_Driver/Src/stm32f7xx_hal_tim.o
LOAD ./Drivers/STM32F7xx_HAL_Driver/Src/stm32f7xx_hal_tim_ex.o
LOAD ./Drivers/STM32F7xx_HAL_Driver/Src/stm32f7xx_ll_fmc.o
START GROUP
LOAD /opt/st/stm32cubeide_1.7.0/plugins/com.st.stm32cube.ide.mcu.externaltools.gnu-tools-for-stm32.9-2020-q2-update.linux64_2.0.0.202105311346/tools/bin/../lib/gcc/arm-none-eabi/9.3.1/../../../../arm-none-eabi/lib/thumb/v7e-m+fp/hard/libc_nano.a
LOAD /opt/st/stm32cubeide_1.7.0/plugins/com.st.stm32cube.ide.mcu.externaltools.gnu-tools-for-stm32.9-2020-q2-update.linux64_2.0.0.202105311346/tools/bin/../lib/gcc/arm-none-eabi/9.3.1/../../../../arm-none-eabi/lib/thumb/v7e-m+fp/hard/libm.a
END GROUP
START GROUP
LOAD /opt/st/stm32cubeide_1.7.0/plugins/com.st.stm32cube.ide.mcu.externaltools.gnu-tools-for-stm32.9-2020-q2-update.linux64_2.0.0.202105311346/tools/bin/../lib/gcc/arm-none-eabi/9.3.1/thumb/v7e-m+fp/hard/libgcc.a
LOAD /opt/st/stm32cubeide_1.7.0/plugins/com.st.stm32cube.ide.mcu.externaltools.gnu-tools-for-stm32.9-2020-q2-update.linux64_2.0.0.202105311346/tools/bin/../lib/gcc/arm-none-eabi/9.3.1/../../../../arm-none-eabi/lib/thumb/v7e-m+fp/hard/libc_nano.a
END GROUP
START GROUP
LOAD /opt/st/stm32cubeide_1.7.0/plugins/com.st.stm32cube.ide.mcu.externaltools.gnu-tools-for-stm32.9-2020-q2-update.linux64_2.0.0.202105311346/tools/bin/../lib/gcc/arm-none-eabi/9.3.1/thumb/v7e-m+fp/hard/libgcc.a
LOAD /opt/st/stm32cubeide_1.7.0/plugins/com.st.stm32cube.ide.mcu.externaltools.gnu-tools-for-stm32.9-2020-q2-update.linux64_2.0.0.202105311346/tools/bin/../lib/gcc/arm-none-eabi/9.3.1/../../../../arm-none-eabi/lib/thumb/v7e-m+fp/hard/libc_nano.a
LOAD /opt/st/stm32cubeide_1.7.0/plugins/com.st.stm32cube.ide.mcu.externaltools.gnu-tools-for-stm32.9-2020-q2-update.linux64_2.0.0.202105311346/tools/bin/../lib/gcc/arm-none-eabi/9.3.1/../../../../arm-none-eabi/lib/thumb/v7e-m+fp/hard/libnosys.a
END GROUP
START GROUP
LOAD /opt/st/stm32cubeide_1.7.0/plugins/com.st.stm32cube.ide.mcu.externaltools.gnu-tools-for-stm32.9-2020-q2-update.linux64_2.0.0.202105311346/tools/bin/../lib/gcc/arm-none-eabi/9.3.1/thumb/v7e-m+fp/hard/libgcc.a
LOAD /opt/st/stm32cubeide_1.7.0/plugins/com.st.stm32cube.ide.mcu.externaltools.gnu-tools-for-stm32.9-2020-q2-update.linux64_2.0.0.202105311346/tools/bin/../lib/gcc/arm-none-eabi/9.3.1/../../../../arm-none-eabi/lib/thumb/v7e-m+fp/hard/libc_nano.a
LOAD /opt/st/stm32cubeide_1.7.0/plugins/com.st.stm32cube.ide.mcu.externaltools.gnu-tools-for-stm32.9-2020-q2-update.linux64_2.0.0.202105311346/tools/bin/../lib/gcc/arm-none-eabi/9.3.1/../../../../arm-none-eabi/lib/thumb/v7e-m+fp/hard/libnosys.a
END GROUP
LOAD /opt/st/stm32cubeide_1.7.0/plugins/com.st.stm32cube.ide.mcu.externaltools.gnu-tools-for-stm32.9-2020-q2-update.linux64_2.0.0.202105311346/tools/bin/../lib/gcc/arm-none-eabi/9.3.1/thumb/v7e-m+fp/hard/crtend.o
LOAD /opt/st/stm32cubeide_1.7.0/plugins/com.st.stm32cube.ide.mcu.externaltools.gnu-tools-for-stm32.9-2020-q2-update.linux64_2.0.0.202105311346/tools/bin/../lib/gcc/arm-none-eabi/9.3.1/thumb/v7e-m+fp/hard/crtn.o
                0x0000000020050000                _estack = (ORIGIN (RAM) + LENGTH (RAM))
                0x0000000000000200                _Min_Heap_Size = 0x200
                0x0000000000000400                _Min_Stack_Size = 0x400

.isr_vector     0x0000000008000000      0x1c8
                0x0000000008000000                . = ALIGN (0x4)
 *(.isr_vector)
 .isr_vector    0x0000000008000000      0x1c8 ./Core/Startup/startup_stm32f746nghx.o
                0x0000000008000000                g_pfnVectors
                0x00000000080001c8                . = ALIGN (0x4)

.text           0x00000000080001d0     0x73a0
                0x00000000080001d0                . = ALIGN (0x4)
 *(.text)
 .text          0x00000000080001d0       0x40 /opt/st/stm32cubeide_1.7.0/plugins/com.st.stm32cube.ide.mcu.externaltools.gnu-tools-for-stm32.9-2020-q2-update.linux64_2.0.0.202105311346/tools/bin/../lib/gcc/arm-none-eabi/9.3.1/thumb/v7e-m+fp/hard/crtbegin.o
 .text          0x0000000008000210       0x10 /opt/st/stm32cubeide_1.7.0/plugins/com.st.stm32cube.ide.mcu.externaltools.gnu-tools-for-stm32.9-2020-q2-update.linux64_2.0.0.202105311346/tools/bin/../lib/gcc/arm-none-eabi/9.3.1/../../../../arm-none-eabi/lib/thumb/v7e-m+fp/hard/libc_nano.a(lib_a-strlen.o)
                0x0000000008000210                strlen
 .text          0x0000000008000220       0xa0 /opt/st/stm32cubeide_1.7.0/plugins/com.st.stm32cube.ide.mcu.externaltools.gnu-tools-for-stm32.9-2020-q2-update.linux64_2.0.0.202105311346/tools/bin/../lib/gcc/arm-none-eabi/9.3.1/../../../../arm-none-eabi/lib/thumb/v7e-m+fp/hard/libc_nano.a(lib_a-memchr.o)
                0x0000000008000220                memchr
 .text          0x00000000080002c0       0x30 /opt/st/stm32cubeide_1.7.0/plugins/com.st.stm32cube.ide.mcu.externaltools.gnu-tools-for-stm32.9-2020-q2-update.linux64_2.0.0.202105311346/tools/bin/../lib/gcc/arm-none-eabi/9.3.1/thumb/v7e-m+fp/hard/libgcc.a(_aeabi_uldivmod.o)
                0x00000000080002c0                __aeabi_uldivmod
 .text          0x00000000080002f0      0x2c4 /opt/st/stm32cubeide_1.7.0/plugins/com.st.stm32cube.ide.mcu.externaltools.gnu-tools-for-stm32.9-2020-q2-update.linux64_2.0.0.202105311346/tools/bin/../lib/gcc/arm-none-eabi/9.3.1/thumb/v7e-m+fp/hard/libgcc.a(_udivmoddi4.o)
                0x00000000080002f0                __udivmoddi4
 .text          0x00000000080005b4        0x4 /opt/st/stm32cubeide_1.7.0/plugins/com.st.stm32cube.ide.mcu.externaltools.gnu-tools-for-stm32.9-2020-q2-update.linux64_2.0.0.202105311346/tools/bin/../lib/gcc/arm-none-eabi/9.3.1/thumb/v7e-m+fp/hard/libgcc.a(_dvmd_tls.o)
                0x00000000080005b4                __aeabi_ldiv0
                0x00000000080005b4                __aeabi_idiv0
 *(.text*)
 .text.lps25h_write_reg
                0x00000000080005b8       0x38 ./Core/Src/AltIMU10v5/LPS25H.o
                0x00000000080005b8                lps25h_write_reg
 .text.lps25h_Init
                0x00000000080005f0       0x10 ./Core/Src/AltIMU10v5/LPS25H.o
                0x00000000080005f0                lps25h_Init
 .text.lps25h_readTemperature
                0x0000000008000600       0x30 ./Core/Src/AltIMU10v5/LPS25H.o
                0x0000000008000600                lps25h_readTemperature
 .text.lps25h_readTemperatureC
                0x0000000008000630       0x3c ./Core/Src/AltIMU10v5/LPS25H.o
                0x0000000008000630                lps25h_readTemperatureC
 .text.ft5336_Init
                0x000000000800066c       0x1c ./Core/Src/LCD_Driver/ft5336.o
                0x000000000800066c                ft5336_Init
 .text.ft5336_Reset
                0x0000000008000688       0x16 ./Core/Src/LCD_Driver/ft5336.o
                0x0000000008000688                ft5336_Reset
 .text.ft5336_ReadID
                0x000000000800069e       0x5c ./Core/Src/LCD_Driver/ft5336.o
                0x000000000800069e                ft5336_ReadID
 .text.ft5336_TS_Start
                0x00000000080006fa       0x22 ./Core/Src/LCD_Driver/ft5336.o
                0x00000000080006fa                ft5336_TS_Start
 .text.ft5336_TS_DetectTouch
                0x000000000800071c       0x54 ./Core/Src/LCD_Driver/ft5336.o
                0x000000000800071c                ft5336_TS_DetectTouch
 .text.ft5336_TS_GetXY
                0x0000000008000770      0x1e0 ./Core/Src/LCD_Driver/ft5336.o
                0x0000000008000770                ft5336_TS_GetXY
 .text.ft5336_TS_EnableIT
                0x0000000008000950       0x28 ./Core/Src/LCD_Driver/ft5336.o
                0x0000000008000950                ft5336_TS_EnableIT
 .text.ft5336_TS_DisableIT
                0x0000000008000978       0x28 ./Core/Src/LCD_Driver/ft5336.o
                0x0000000008000978                ft5336_TS_DisableIT
 .text.ft5336_TS_ITStatus
                0x00000000080009a0       0x18 ./Core/Src/LCD_Driver/ft5336.o
                0x00000000080009a0                ft5336_TS_ITStatus
 .text.ft5336_TS_ClearIT
                0x00000000080009b8       0x16 ./Core/Src/LCD_Driver/ft5336.o
                0x00000000080009b8                ft5336_TS_ClearIT
 .text.ft5336_TS_GetGestureID
                0x00000000080009ce       0x32 ./Core/Src/LCD_Driver/ft5336.o
                0x00000000080009ce                ft5336_TS_GetGestureID
 .text.ft5336_TS_GetTouchInfo
                0x0000000008000a00      0x15c ./Core/Src/LCD_Driver/ft5336.o
                0x0000000008000a00                ft5336_TS_GetTouchInfo
 .text.ft5336_Get_I2C_InitializedStatus
                0x0000000008000b5c       0x18 ./Core/Src/LCD_Driver/ft5336.o
 .text.ft5336_I2C_InitializeIfRequired
                0x0000000008000b74       0x20 ./Core/Src/LCD_Driver/ft5336.o
 .text.ft5336_TS_Configure
                0x0000000008000b94       0x1c ./Core/Src/LCD_Driver/ft5336.o
 .text.LCD_clear
                0x0000000008000bb0       0x5e ./Core/Src/LCD_Driver/lcd.o
                0x0000000008000bb0                LCD_clear
 .text.LCD_draw_point
                0x0000000008000c0e       0x88 ./Core/Src/LCD_Driver/lcd.o
                0x0000000008000c0e                LCD_draw_point
 .text.LCD_draw_Hline
                0x0000000008000c96       0x78 ./Core/Src/LCD_Driver/lcd.o
                0x0000000008000c96                LCD_draw_Hline
 .text.LCD_draw_Vline
                0x0000000008000d0e       0x78 ./Core/Src/LCD_Driver/lcd.o
                0x0000000008000d0e                LCD_draw_Vline
 .text.LCD_draw_Rectangle
                0x0000000008000d86       0x9c ./Core/Src/LCD_Driver/lcd.o
                0x0000000008000d86                LCD_draw_Rectangle
 .text.LCD_draw_text_rle
                0x0000000008000e22      0x13a ./Core/Src/LCD_Driver/lcd.o
                0x0000000008000e22                LCD_draw_text_rle
 .text.LCD_draw_image_rle
                0x0000000008000f5c       0xd2 ./Core/Src/LCD_Driver/lcd.o
                0x0000000008000f5c                LCD_draw_image_rle
 *fill*         0x000000000800102e        0x2 
 .text.LCD_SDRAM_init
                0x0000000008001030       0xc0 ./Core/Src/LCD_Driver/lcd.o
                0x0000000008001030                LCD_SDRAM_init
 .text.LCD_init
                0x00000000080010f0       0x3c ./Core/Src/LCD_Driver/lcd.o
                0x00000000080010f0                LCD_init
 .text.LCD_update
                0x000000000800112c      0x134 ./Core/Src/LCD_Driver/lcd.o
                0x000000000800112c                LCD_update
 .text.BSP_TS_Init
                0x0000000008001260       0x80 ./Core/Src/LCD_Driver/touch.o
                0x0000000008001260                BSP_TS_Init
 .text.BSP_TS_GetState
                0x00000000080012e0      0x3ac ./Core/Src/LCD_Driver/touch.o
                0x00000000080012e0                BSP_TS_GetState
 .text.BSP_TS_Get_GestureId
                0x000000000800168c      0x104 ./Core/Src/LCD_Driver/touch.o
                0x000000000800168c                BSP_TS_Get_GestureId
 .text.I2Cx_MspInit
                0x0000000008001790       0xb4 ./Core/Src/LCD_Driver/ts.o
 .text.I2Cx_Init
                0x0000000008001844       0x60 ./Core/Src/LCD_Driver/ts.o
 .text.I2Cx_Error
                0x00000000080018a4       0x20 ./Core/Src/LCD_Driver/ts.o
 .text.I2Cx_WriteMultiple
                0x00000000080018c4       0x5a ./Core/Src/LCD_Driver/ts.o
 .text.I2Cx_ReadMultiple
                0x000000000800191e       0x5a ./Core/Src/LCD_Driver/ts.o
 .text.TS_IO_Init
                0x0000000008001978       0x14 ./Core/Src/LCD_Driver/ts.o
                0x0000000008001978                TS_IO_Init
 .text.TS_IO_Write
                0x000000000800198c       0x34 ./Core/Src/LCD_Driver/ts.o
                0x000000000800198c                TS_IO_Write
 .text.TS_IO_Read
                0x00000000080019c0       0x3c ./Core/Src/LCD_Driver/ts.o
                0x00000000080019c0                TS_IO_Read
 .text.TS_IO_Delay
                0x00000000080019fc       0x16 ./Core/Src/LCD_Driver/ts.o
                0x00000000080019fc                TS_IO_Delay
 *fill*         0x0000000008001a12        0x2 
 .text.app_Init
                0x0000000008001a14       0x3c ./Core/Src/app.o
                0x0000000008001a14                app_Init
 .text.app_loop
                0x0000000008001a50       0x1c ./Core/Src/app.o
                0x0000000008001a50                app_loop
 .text.on_lcd_draw
                0x0000000008001a6c       0x34 ./Core/Src/app.o
                0x0000000008001a6c                on_lcd_draw
 .text.HAL_TIM_PeriodElapsedCallback
                0x0000000008001aa0       0x70 ./Core/Src/app.o
                0x0000000008001aa0                HAL_TIM_PeriodElapsedCallback
 .text.logger_chart
                0x0000000008001b10       0x54 ./Core/Src/app.o
                0x0000000008001b10                logger_chart
 .text.dashboard_chart
                0x0000000008001b64      0x158 ./Core/Src/app.o
                0x0000000008001b64                dashboard_chart
 .text.logger_record
                0x0000000008001cbc       0x34 ./Core/Src/app.o
                0x0000000008001cbc                logger_record
 .text.dashboard_record
                0x0000000008001cf0      0x14c ./Core/Src/app.o
                0x0000000008001cf0                dashboard_record
 .text.first_display
                0x0000000008001e3c       0x94 ./Core/Src/app.o
                0x0000000008001e3c                first_display
 .text.SCB_EnableICache
                0x0000000008001ed0       0x4c ./Core/Src/main.o
 .text.SCB_EnableDCache
                0x0000000008001f1c       0x88 ./Core/Src/main.o
 .text.main     0x0000000008001fa4       0x3c ./Core/Src/main.o
                0x0000000008001fa4                main
 .text.SystemClock_Config
                0x0000000008001fe0      0x138 ./Core/Src/main.o
                0x0000000008001fe0                SystemClock_Config
 .text.MX_I2C1_Init
                0x0000000008002118       0x80 ./Core/Src/main.o
 .text.MX_LTDC_Init
                0x0000000008002198      0x17c ./Core/Src/main.o
 .text.MX_TIM6_Init
                0x0000000008002314       0x6c ./Core/Src/main.o
 .text.MX_FMC_Init
                0x0000000008002380       0xa0 ./Core/Src/main.o
 .text.MX_GPIO_Init
                0x0000000008002420      0x184 ./Core/Src/main.o
 .text.Error_Handler
                0x00000000080025a4        0xa ./Core/Src/main.o
                0x00000000080025a4                Error_Handler
 *fill*         0x00000000080025ae        0x2 
 .text.HAL_MspInit
                0x00000000080025b0       0x48 ./Core/Src/stm32f7xx_hal_msp.o
                0x00000000080025b0                HAL_MspInit
 .text.HAL_I2C_MspInit
                0x00000000080025f8       0xa8 ./Core/Src/stm32f7xx_hal_msp.o
                0x00000000080025f8                HAL_I2C_MspInit
 .text.HAL_I2C_MspDeInit
                0x00000000080026a0       0x54 ./Core/Src/stm32f7xx_hal_msp.o
                0x00000000080026a0                HAL_I2C_MspDeInit
 .text.HAL_LTDC_MspInit
                0x00000000080026f4      0x180 ./Core/Src/stm32f7xx_hal_msp.o
                0x00000000080026f4                HAL_LTDC_MspInit
 .text.HAL_TIM_Base_MspInit
                0x0000000008002874       0x4c ./Core/Src/stm32f7xx_hal_msp.o
                0x0000000008002874                HAL_TIM_Base_MspInit
 .text.HAL_FMC_MspInit
                0x00000000080028c0      0x120 ./Core/Src/stm32f7xx_hal_msp.o
 .text.HAL_SDRAM_MspInit
                0x00000000080029e0       0x14 ./Core/Src/stm32f7xx_hal_msp.o
                0x00000000080029e0                HAL_SDRAM_MspInit
 .text.NMI_Handler
                0x00000000080029f4        0x6 ./Core/Src/stm32f7xx_it.o
                0x00000000080029f4                NMI_Handler
 .text.HardFault_Handler
                0x00000000080029fa        0x6 ./Core/Src/stm32f7xx_it.o
                0x00000000080029fa                HardFault_Handler
 .text.MemManage_Handler
                0x0000000008002a00        0x6 ./Core/Src/stm32f7xx_it.o
                0x0000000008002a00                MemManage_Handler
 .text.BusFault_Handler
                0x0000000008002a06        0x6 ./Core/Src/stm32f7xx_it.o
                0x0000000008002a06                BusFault_Handler
 .text.UsageFault_Handler
                0x0000000008002a0c        0x6 ./Core/Src/stm32f7xx_it.o
                0x0000000008002a0c                UsageFault_Handler
 .text.SVC_Handler
                0x0000000008002a12        0xe ./Core/Src/stm32f7xx_it.o
                0x0000000008002a12                SVC_Handler
 .text.DebugMon_Handler
                0x0000000008002a20        0xe ./Core/Src/stm32f7xx_it.o
                0x0000000008002a20                DebugMon_Handler
 .text.PendSV_Handler
                0x0000000008002a2e        0xe ./Core/Src/stm32f7xx_it.o
                0x0000000008002a2e                PendSV_Handler
 .text.SysTick_Handler
                0x0000000008002a3c        0xc ./Core/Src/stm32f7xx_it.o
                0x0000000008002a3c                SysTick_Handler
 .text.I2C1_EV_IRQHandler
                0x0000000008002a48       0x14 ./Core/Src/stm32f7xx_it.o
                0x0000000008002a48                I2C1_EV_IRQHandler
 .text.I2C1_ER_IRQHandler
                0x0000000008002a5c       0x14 ./Core/Src/stm32f7xx_it.o
                0x0000000008002a5c                I2C1_ER_IRQHandler
 .text.TIM6_DAC_IRQHandler
                0x0000000008002a70       0x14 ./Core/Src/stm32f7xx_it.o
                0x0000000008002a70                TIM6_DAC_IRQHandler
 .text._sbrk    0x0000000008002a84       0x6c ./Core/Src/sysmem.o
                0x0000000008002a84                _sbrk
 .text.SystemInit
                0x0000000008002af0       0x24 ./Core/Src/system_stm32f7xx.o
                0x0000000008002af0                SystemInit
 .text.Reset_Handler
                0x0000000008002b14       0x50 ./Core/Startup/startup_stm32f746nghx.o
                0x0000000008002b14                Reset_Handler
 .text.Default_Handler
                0x0000000008002b64        0x2 ./Core/Startup/startup_stm32f746nghx.o
                0x0000000008002b64                RTC_Alarm_IRQHandler
                0x0000000008002b64                EXTI2_IRQHandler
                0x0000000008002b64                TIM8_CC_IRQHandler
                0x0000000008002b64                UART8_IRQHandler
                0x0000000008002b64                SPI4_IRQHandler
                0x0000000008002b64                TIM1_CC_IRQHandler
                0x0000000008002b64                DMA2_Stream5_IRQHandler
                0x0000000008002b64                DMA1_Stream5_IRQHandler
                0x0000000008002b64                PVD_IRQHandler
                0x0000000008002b64                TAMP_STAMP_IRQHandler
                0x0000000008002b64                CAN2_RX1_IRQHandler
                0x0000000008002b64                EXTI3_IRQHandler
                0x0000000008002b64                TIM8_TRG_COM_TIM14_IRQHandler
                0x0000000008002b64                TIM1_UP_TIM10_IRQHandler
                0x0000000008002b64                TIM8_UP_TIM13_IRQHandler
                0x0000000008002b64                I2C3_ER_IRQHandler
                0x0000000008002b64                EXTI0_IRQHandler
                0x0000000008002b64                I2C2_EV_IRQHandler
                0x0000000008002b64                DMA1_Stream2_IRQHandler
                0x0000000008002b64                CAN1_RX0_IRQHandler
                0x0000000008002b64                FPU_IRQHandler
                0x0000000008002b64                OTG_HS_WKUP_IRQHandler
                0x0000000008002b64                LTDC_ER_IRQHandler
                0x0000000008002b64                CAN2_SCE_IRQHandler
                0x0000000008002b64                DMA2_Stream2_IRQHandler
                0x0000000008002b64                SPI1_IRQHandler
                0x0000000008002b64                TIM1_BRK_TIM9_IRQHandler
                0x0000000008002b64                DCMI_IRQHandler
                0x0000000008002b64                CAN2_RX0_IRQHandler
                0x0000000008002b64                DMA2_Stream3_IRQHandler
                0x0000000008002b64                SAI2_IRQHandler
                0x0000000008002b64                USART6_IRQHandler
                0x0000000008002b64                USART3_IRQHandler
                0x0000000008002b64                CAN1_RX1_IRQHandler
                0x0000000008002b64                UART5_IRQHandler
                0x0000000008002b64                DMA2_Stream0_IRQHandler
                0x0000000008002b64                TIM4_IRQHandler
                0x0000000008002b64                QUADSPI_IRQHandler
                0x0000000008002b64                DMA1_Stream6_IRQHandler
                0x0000000008002b64                DMA1_Stream1_IRQHandler
                0x0000000008002b64                UART4_IRQHandler
                0x0000000008002b64                TIM3_IRQHandler
                0x0000000008002b64                RCC_IRQHandler
                0x0000000008002b64                TIM8_BRK_TIM12_IRQHandler
                0x0000000008002b64                Default_Handler
                0x0000000008002b64                CEC_IRQHandler
                0x0000000008002b64                EXTI15_10_IRQHandler
                0x0000000008002b64                ADC_IRQHandler
                0x0000000008002b64                DMA1_Stream7_IRQHandler
                0x0000000008002b64                SPI5_IRQHandler
                0x0000000008002b64                TIM7_IRQHandler
                0x0000000008002b64                SDMMC1_IRQHandler
                0x0000000008002b64                CAN2_TX_IRQHandler
                0x0000000008002b64                TIM5_IRQHandler
                0x0000000008002b64                DMA2_Stream7_IRQHandler
                0x0000000008002b64                I2C3_EV_IRQHandler
                0x0000000008002b64                EXTI9_5_IRQHandler
                0x0000000008002b64                RTC_WKUP_IRQHandler
                0x0000000008002b64                LTDC_IRQHandler
                0x0000000008002b64                ETH_WKUP_IRQHandler
                0x0000000008002b64                SPDIF_RX_IRQHandler
                0x0000000008002b64                SPI2_IRQHandler
                0x0000000008002b64                OTG_HS_EP1_IN_IRQHandler
                0x0000000008002b64                DMA1_Stream0_IRQHandler
                0x0000000008002b64                CAN1_TX_IRQHandler
                0x0000000008002b64                EXTI4_IRQHandler
                0x0000000008002b64                RNG_IRQHandler
                0x0000000008002b64                ETH_IRQHandler
                0x0000000008002b64                OTG_HS_EP1_OUT_IRQHandler
                0x0000000008002b64                WWDG_IRQHandler
                0x0000000008002b64                SPI6_IRQHandler
                0x0000000008002b64                I2C4_EV_IRQHandler
                0x0000000008002b64                TIM2_IRQHandler
                0x0000000008002b64                OTG_FS_WKUP_IRQHandler
                0x0000000008002b64                TIM1_TRG_COM_TIM11_IRQHandler
                0x0000000008002b64                OTG_HS_IRQHandler
                0x0000000008002b64                DMA2D_IRQHandler
                0x0000000008002b64                EXTI1_IRQHandler
                0x0000000008002b64                UART7_IRQHandler
                0x0000000008002b64                USART2_IRQHandler
                0x0000000008002b64                I2C2_ER_IRQHandler
                0x0000000008002b64                DMA2_Stream1_IRQHandler
                0x0000000008002b64                CAN1_SCE_IRQHandler
                0x0000000008002b64                FLASH_IRQHandler
                0x0000000008002b64                DMA2_Stream4_IRQHandler
                0x0000000008002b64                USART1_IRQHandler
                0x0000000008002b64                OTG_FS_IRQHandler
                0x0000000008002b64                SPI3_IRQHandler
                0x0000000008002b64                DMA1_Stream4_IRQHandler
                0x0000000008002b64                FMC_IRQHandler
                0x0000000008002b64                LPTIM1_IRQHandler
                0x0000000008002b64                I2C4_ER_IRQHandler
                0x0000000008002b64                DMA2_Stream6_IRQHandler
                0x0000000008002b64                SAI1_IRQHandler
                0x0000000008002b64                DMA1_Stream3_IRQHandler
 .text.HAL_Init
                0x0000000008002b66       0x1a ./Drivers/STM32F7xx_HAL_Driver/Src/stm32f7xx_hal.o
                0x0000000008002b66                HAL_Init
 .text.HAL_InitTick
                0x0000000008002b80       0x60 ./Drivers/STM32F7xx_HAL_Driver/Src/stm32f7xx_hal.o
                0x0000000008002b80                HAL_InitTick
 .text.HAL_IncTick
                0x0000000008002be0       0x28 ./Drivers/STM32F7xx_HAL_Driver/Src/stm32f7xx_hal.o
                0x0000000008002be0                HAL_IncTick
 .text.HAL_GetTick
                0x0000000008002c08       0x18 ./Drivers/STM32F7xx_HAL_Driver/Src/stm32f7xx_hal.o
                0x0000000008002c08                HAL_GetTick
 .text.HAL_Delay
                0x0000000008002c20       0x48 ./Drivers/STM32F7xx_HAL_Driver/Src/stm32f7xx_hal.o
                0x0000000008002c20                HAL_Delay
 .text.__NVIC_SetPriorityGrouping
                0x0000000008002c68       0x48 ./Drivers/STM32F7xx_HAL_Driver/Src/stm32f7xx_hal_cortex.o
 .text.__NVIC_GetPriorityGrouping
                0x0000000008002cb0       0x1c ./Drivers/STM32F7xx_HAL_Driver/Src/stm32f7xx_hal_cortex.o
 .text.__NVIC_EnableIRQ
                0x0000000008002ccc       0x3c ./Drivers/STM32F7xx_HAL_Driver/Src/stm32f7xx_hal_cortex.o
 .text.__NVIC_DisableIRQ
                0x0000000008002d08       0x48 ./Drivers/STM32F7xx_HAL_Driver/Src/stm32f7xx_hal_cortex.o
 .text.__NVIC_SetPriority
                0x0000000008002d50       0x54 ./Drivers/STM32F7xx_HAL_Driver/Src/stm32f7xx_hal_cortex.o
 .text.NVIC_EncodePriority
                0x0000000008002da4       0x66 ./Drivers/STM32F7xx_HAL_Driver/Src/stm32f7xx_hal_cortex.o
 *fill*         0x0000000008002e0a        0x2 
 .text.SysTick_Config
                0x0000000008002e0c       0x44 ./Drivers/STM32F7xx_HAL_Driver/Src/stm32f7xx_hal_cortex.o
 .text.HAL_NVIC_SetPriorityGrouping
                0x0000000008002e50       0x16 ./Drivers/STM32F7xx_HAL_Driver/Src/stm32f7xx_hal_cortex.o
                0x0000000008002e50                HAL_NVIC_SetPriorityGrouping
 .text.HAL_NVIC_SetPriority
                0x0000000008002e66       0x38 ./Drivers/STM32F7xx_HAL_Driver/Src/stm32f7xx_hal_cortex.o
                0x0000000008002e66                HAL_NVIC_SetPriority
 .text.HAL_NVIC_EnableIRQ
                0x0000000008002e9e       0x1c ./Drivers/STM32F7xx_HAL_Driver/Src/stm32f7xx_hal_cortex.o
                0x0000000008002e9e                HAL_NVIC_EnableIRQ
 .text.HAL_NVIC_DisableIRQ
                0x0000000008002eba       0x1c ./Drivers/STM32F7xx_HAL_Driver/Src/stm32f7xx_hal_cortex.o
                0x0000000008002eba                HAL_NVIC_DisableIRQ
 .text.HAL_SYSTICK_Config
                0x0000000008002ed6       0x18 ./Drivers/STM32F7xx_HAL_Driver/Src/stm32f7xx_hal_cortex.o
                0x0000000008002ed6                HAL_SYSTICK_Config
 .text.HAL_DMA_Abort_IT
                0x0000000008002eee       0x44 ./Drivers/STM32F7xx_HAL_Driver/Src/stm32f7xx_hal_dma.o
                0x0000000008002eee                HAL_DMA_Abort_IT
 .text.HAL_DMA_GetState
                0x0000000008002f32       0x1c ./Drivers/STM32F7xx_HAL_Driver/Src/stm32f7xx_hal_dma.o
                0x0000000008002f32                HAL_DMA_GetState
 *fill*         0x0000000008002f4e        0x2 
 .text.HAL_GPIO_Init
                0x0000000008002f50      0x358 ./Drivers/STM32F7xx_HAL_Driver/Src/stm32f7xx_hal_gpio.o
                0x0000000008002f50                HAL_GPIO_Init
 .text.HAL_GPIO_DeInit
                0x00000000080032a8      0x218 ./Drivers/STM32F7xx_HAL_Driver/Src/stm32f7xx_hal_gpio.o
                0x00000000080032a8                HAL_GPIO_DeInit
 .text.HAL_GPIO_WritePin
                0x00000000080034c0       0x32 ./Drivers/STM32F7xx_HAL_Driver/Src/stm32f7xx_hal_gpio.o
                0x00000000080034c0                HAL_GPIO_WritePin
 *fill*         0x00000000080034f2        0x2 
 .text.HAL_I2C_Init
                0x00000000080034f4      0x120 ./Drivers/STM32F7xx_HAL_Driver/Src/stm32f7xx_hal_i2c.o
                0x00000000080034f4                HAL_I2C_Init
 .text.HAL_I2C_DeInit
                0x0000000008003614       0x5e ./Drivers/STM32F7xx_HAL_Driver/Src/stm32f7xx_hal_i2c.o
                0x0000000008003614                HAL_I2C_DeInit
 *fill*         0x0000000008003672        0x2 
 .text.HAL_I2C_Mem_Write
                0x0000000008003674      0x228 ./Drivers/STM32F7xx_HAL_Driver/Src/stm32f7xx_hal_i2c.o
                0x0000000008003674                HAL_I2C_Mem_Write
 .text.HAL_I2C_Mem_Read
                0x000000000800389c      0x234 ./Drivers/STM32F7xx_HAL_Driver/Src/stm32f7xx_hal_i2c.o
                0x000000000800389c                HAL_I2C_Mem_Read
 .text.HAL_I2C_EV_IRQHandler
                0x0000000008003ad0       0x34 ./Drivers/STM32F7xx_HAL_Driver/Src/stm32f7xx_hal_i2c.o
                0x0000000008003ad0                HAL_I2C_EV_IRQHandler
 .text.HAL_I2C_ER_IRQHandler
                0x0000000008003b04       0xc2 ./Drivers/STM32F7xx_HAL_Driver/Src/stm32f7xx_hal_i2c.o
                0x0000000008003b04                HAL_I2C_ER_IRQHandler
 .text.HAL_I2C_SlaveTxCpltCallback
                0x0000000008003bc6       0x14 ./Drivers/STM32F7xx_HAL_Driver/Src/stm32f7xx_hal_i2c.o
                0x0000000008003bc6                HAL_I2C_SlaveTxCpltCallback
 .text.HAL_I2C_SlaveRxCpltCallback
                0x0000000008003bda       0x14 ./Drivers/STM32F7xx_HAL_Driver/Src/stm32f7xx_hal_i2c.o
                0x0000000008003bda                HAL_I2C_SlaveRxCpltCallback
 .text.HAL_I2C_AddrCallback
                0x0000000008003bee       0x1c ./Drivers/STM32F7xx_HAL_Driver/Src/stm32f7xx_hal_i2c.o
                0x0000000008003bee                HAL_I2C_AddrCallback
 .text.HAL_I2C_ListenCpltCallback
                0x0000000008003c0a       0x14 ./Drivers/STM32F7xx_HAL_Driver/Src/stm32f7xx_hal_i2c.o
                0x0000000008003c0a                HAL_I2C_ListenCpltCallback
 .text.HAL_I2C_ErrorCallback
                0x0000000008003c1e       0x14 ./Drivers/STM32F7xx_HAL_Driver/Src/stm32f7xx_hal_i2c.o
                0x0000000008003c1e                HAL_I2C_ErrorCallback
 .text.HAL_I2C_AbortCpltCallback
                0x0000000008003c32       0x14 ./Drivers/STM32F7xx_HAL_Driver/Src/stm32f7xx_hal_i2c.o
                0x0000000008003c32                HAL_I2C_AbortCpltCallback
 .text.HAL_I2C_GetState
                0x0000000008003c46       0x1c ./Drivers/STM32F7xx_HAL_Driver/Src/stm32f7xx_hal_i2c.o
                0x0000000008003c46                HAL_I2C_GetState
 .text.I2C_Slave_ISR_IT
                0x0000000008003c62      0x206 ./Drivers/STM32F7xx_HAL_Driver/Src/stm32f7xx_hal_i2c.o
 .text.I2C_RequestMemoryWrite
                0x0000000008003e68       0xa8 ./Drivers/STM32F7xx_HAL_Driver/Src/stm32f7xx_hal_i2c.o
 .text.I2C_RequestMemoryRead
                0x0000000008003f10       0xa8 ./Drivers/STM32F7xx_HAL_Driver/Src/stm32f7xx_hal_i2c.o
 .text.I2C_ITAddrCplt
                0x0000000008003fb8      0x108 ./Drivers/STM32F7xx_HAL_Driver/Src/stm32f7xx_hal_i2c.o
 .text.I2C_ITSlaveSeqCplt
                0x00000000080040c0       0xbc ./Drivers/STM32F7xx_HAL_Driver/Src/stm32f7xx_hal_i2c.o
 .text.I2C_ITSlaveCplt
                0x000000000800417c      0x214 ./Drivers/STM32F7xx_HAL_Driver/Src/stm32f7xx_hal_i2c.o
 .text.I2C_ITListenCplt
                0x0000000008004390       0xac ./Drivers/STM32F7xx_HAL_Driver/Src/stm32f7xx_hal_i2c.o
 .text.I2C_ITError
                0x000000000800443c      0x1a0 ./Drivers/STM32F7xx_HAL_Driver/Src/stm32f7xx_hal_i2c.o
 .text.I2C_TreatErrorCallback
                0x00000000080045dc       0x4e ./Drivers/STM32F7xx_HAL_Driver/Src/stm32f7xx_hal_i2c.o
 .text.I2C_Flush_TXDR
                0x000000000800462a       0x48 ./Drivers/STM32F7xx_HAL_Driver/Src/stm32f7xx_hal_i2c.o
 .text.I2C_DMAAbort
                0x0000000008004672       0x3c ./Drivers/STM32F7xx_HAL_Driver/Src/stm32f7xx_hal_i2c.o
 .text.I2C_WaitOnFlagUntilTimeout
                0x00000000080046ae       0x80 ./Drivers/STM32F7xx_HAL_Driver/Src/stm32f7xx_hal_i2c.o
 .text.I2C_WaitOnTXISFlagUntilTimeout
                0x000000000800472e       0x80 ./Drivers/STM32F7xx_HAL_Driver/Src/stm32f7xx_hal_i2c.o
 .text.I2C_WaitOnSTOPFlagUntilTimeout
                0x00000000080047ae       0x78 ./Drivers/STM32F7xx_HAL_Driver/Src/stm32f7xx_hal_i2c.o
 *fill*         0x0000000008004826        0x2 
 .text.I2C_IsErrorOccurred
                0x0000000008004828      0x1d8 ./Drivers/STM32F7xx_HAL_Driver/Src/stm32f7xx_hal_i2c.o
 .text.I2C_TransferConfig
                0x0000000008004a00       0x64 ./Drivers/STM32F7xx_HAL_Driver/Src/stm32f7xx_hal_i2c.o
 .text.I2C_Disable_IRQ
                0x0000000008004a64       0xbc ./Drivers/STM32F7xx_HAL_Driver/Src/stm32f7xx_hal_i2c.o
 .text.HAL_I2CEx_ConfigAnalogFilter
                0x0000000008004b20       0x96 ./Drivers/STM32F7xx_HAL_Driver/Src/stm32f7xx_hal_i2c_ex.o
                0x0000000008004b20                HAL_I2CEx_ConfigAnalogFilter
 .text.HAL_I2CEx_ConfigDigitalFilter
                0x0000000008004bb6       0x98 ./Drivers/STM32F7xx_HAL_Driver/Src/stm32f7xx_hal_i2c_ex.o
                0x0000000008004bb6                HAL_I2CEx_ConfigDigitalFilter
 *fill*         0x0000000008004c4e        0x2 
 .text.HAL_LTDC_Init
                0x0000000008004c50      0x1a0 ./Drivers/STM32F7xx_HAL_Driver/Src/stm32f7xx_hal_ltdc.o
                0x0000000008004c50                HAL_LTDC_Init
 .text.HAL_LTDC_ConfigLayer
                0x0000000008004df0       0x7c ./Drivers/STM32F7xx_HAL_Driver/Src/stm32f7xx_hal_ltdc.o
                0x0000000008004df0                HAL_LTDC_ConfigLayer
 .text.LTDC_SetConfig
                0x0000000008004e6c      0x334 ./Drivers/STM32F7xx_HAL_Driver/Src/stm32f7xx_hal_ltdc.o
 .text.HAL_PWREx_EnableOverDrive
                0x00000000080051a0       0xa0 ./Drivers/STM32F7xx_HAL_Driver/Src/stm32f7xx_hal_pwr_ex.o
                0x00000000080051a0                HAL_PWREx_EnableOverDrive
 .text.HAL_RCC_OscConfig
                0x0000000008005240      0x548 ./Drivers/STM32F7xx_HAL_Driver/Src/stm32f7xx_hal_rcc.o
                0x0000000008005240                HAL_RCC_OscConfig
 .text.HAL_RCC_ClockConfig
                0x0000000008005788      0x1d8 ./Drivers/STM32F7xx_HAL_Driver/Src/stm32f7xx_hal_rcc.o
                0x0000000008005788                HAL_RCC_ClockConfig
 .text.HAL_RCC_GetSysClockFreq
                0x0000000008005960      0x16c ./Drivers/STM32F7xx_HAL_Driver/Src/stm32f7xx_hal_rcc.o
                0x0000000008005960                HAL_RCC_GetSysClockFreq
 .text.HAL_RCCEx_PeriphCLKConfig
                0x0000000008005acc      0x7e0 ./Drivers/STM32F7xx_HAL_Driver/Src/stm32f7xx_hal_rcc_ex.o
                0x0000000008005acc                HAL_RCCEx_PeriphCLKConfig
 .text.HAL_SDRAM_Init
                0x00000000080062ac       0x68 ./Drivers/STM32F7xx_HAL_Driver/Src/stm32f7xx_hal_sdram.o
                0x00000000080062ac                HAL_SDRAM_Init
 .text.HAL_SDRAM_SendCommand
                0x0000000008006314       0x6a ./Drivers/STM32F7xx_HAL_Driver/Src/stm32f7xx_hal_sdram.o
                0x0000000008006314                HAL_SDRAM_SendCommand
 .text.HAL_SDRAM_ProgramRefreshRate
                0x000000000800637e       0x50 ./Drivers/STM32F7xx_HAL_Driver/Src/stm32f7xx_hal_sdram.o
                0x000000000800637e                HAL_SDRAM_ProgramRefreshRate
 .text.HAL_TIM_Base_Init
                0x00000000080063ce       0xae ./Drivers/STM32F7xx_HAL_Driver/Src/stm32f7xx_hal_tim.o
                0x00000000080063ce                HAL_TIM_Base_Init
 .text.HAL_TIM_Base_Start_IT
                0x000000000800647c       0xf0 ./Drivers/STM32F7xx_HAL_Driver/Src/stm32f7xx_hal_tim.o
                0x000000000800647c                HAL_TIM_Base_Start_IT
 .text.HAL_TIM_IRQHandler
                0x000000000800656c      0x23e ./Drivers/STM32F7xx_HAL_Driver/Src/stm32f7xx_hal_tim.o
                0x000000000800656c                HAL_TIM_IRQHandler
 .text.HAL_TIM_OC_DelayElapsedCallback
                0x00000000080067aa       0x14 ./Drivers/STM32F7xx_HAL_Driver/Src/stm32f7xx_hal_tim.o
                0x00000000080067aa                HAL_TIM_OC_DelayElapsedCallback
 .text.HAL_TIM_IC_CaptureCallback
                0x00000000080067be       0x14 ./Drivers/STM32F7xx_HAL_Driver/Src/stm32f7xx_hal_tim.o
                0x00000000080067be                HAL_TIM_IC_CaptureCallback
 .text.HAL_TIM_PWM_PulseFinishedCallback
                0x00000000080067d2       0x14 ./Drivers/STM32F7xx_HAL_Driver/Src/stm32f7xx_hal_tim.o
                0x00000000080067d2                HAL_TIM_PWM_PulseFinishedCallback
 .text.HAL_TIM_TriggerCallback
                0x00000000080067e6       0x14 ./Drivers/STM32F7xx_HAL_Driver/Src/stm32f7xx_hal_tim.o
                0x00000000080067e6                HAL_TIM_TriggerCallback
 *fill*         0x00000000080067fa        0x2 
 .text.TIM_Base_SetConfig
                0x00000000080067fc      0x140 ./Drivers/STM32F7xx_HAL_Driver/Src/stm32f7xx_hal_tim.o
                0x00000000080067fc                TIM_Base_SetConfig
 .text.HAL_TIMEx_MasterConfigSynchronization
                0x000000000800693c      0x11c ./Drivers/STM32F7xx_HAL_Driver/Src/stm32f7xx_hal_tim_ex.o
                0x000000000800693c                HAL_TIMEx_MasterConfigSynchronization
 .text.HAL_TIMEx_CommutCallback
                0x0000000008006a58       0x14 ./Drivers/STM32F7xx_HAL_Driver/Src/stm32f7xx_hal_tim_ex.o
                0x0000000008006a58                HAL_TIMEx_CommutCallback
 .text.HAL_TIMEx_BreakCallback
                0x0000000008006a6c       0x14 ./Drivers/STM32F7xx_HAL_Driver/Src/stm32f7xx_hal_tim_ex.o
                0x0000000008006a6c                HAL_TIMEx_BreakCallback
 .text.HAL_TIMEx_Break2Callback
                0x0000000008006a80       0x14 ./Drivers/STM32F7xx_HAL_Driver/Src/stm32f7xx_hal_tim_ex.o
                0x0000000008006a80                HAL_TIMEx_Break2Callback
 .text.FMC_SDRAM_Init
                0x0000000008006a94       0xb8 ./Drivers/STM32F7xx_HAL_Driver/Src/stm32f7xx_ll_fmc.o
                0x0000000008006a94                FMC_SDRAM_Init
 .text.FMC_SDRAM_Timing_Init
                0x0000000008006b4c       0xd4 ./Drivers/STM32F7xx_HAL_Driver/Src/stm32f7xx_ll_fmc.o
                0x0000000008006b4c                FMC_SDRAM_Timing_Init
 .text.FMC_SDRAM_SendCommand
                0x0000000008006c20       0x48 ./Drivers/STM32F7xx_HAL_Driver/Src/stm32f7xx_ll_fmc.o
                0x0000000008006c20                FMC_SDRAM_SendCommand
 .text.FMC_SDRAM_ProgramRefreshRate
                0x0000000008006c68       0x30 ./Drivers/STM32F7xx_HAL_Driver/Src/stm32f7xx_ll_fmc.o
                0x0000000008006c68                FMC_SDRAM_ProgramRefreshRate
 .text.__errno  0x0000000008006c98        0xc /opt/st/stm32cubeide_1.7.0/plugins/com.st.stm32cube.ide.mcu.externaltools.gnu-tools-for-stm32.9-2020-q2-update.linux64_2.0.0.202105311346/tools/bin/../lib/gcc/arm-none-eabi/9.3.1/../../../../arm-none-eabi/lib/thumb/v7e-m+fp/hard/libc_nano.a(lib_a-errno.o)
                0x0000000008006c98                __errno
 .text.__libc_init_array
                0x0000000008006ca4       0x48 /opt/st/stm32cubeide_1.7.0/plugins/com.st.stm32cube.ide.mcu.externaltools.gnu-tools-for-stm32.9-2020-q2-update.linux64_2.0.0.202105311346/tools/bin/../lib/gcc/arm-none-eabi/9.3.1/../../../../arm-none-eabi/lib/thumb/v7e-m+fp/hard/libc_nano.a(lib_a-init.o)
                0x0000000008006ca4                __libc_init_array
 .text.memset   0x0000000008006cec       0x10 /opt/st/stm32cubeide_1.7.0/plugins/com.st.stm32cube.ide.mcu.externaltools.gnu-tools-for-stm32.9-2020-q2-update.linux64_2.0.0.202105311346/tools/bin/../lib/gcc/arm-none-eabi/9.3.1/../../../../arm-none-eabi/lib/thumb/v7e-m+fp/hard/libc_nano.a(lib_a-memset.o)
                0x0000000008006cec                memset
 .text.sprintf  0x0000000008006cfc       0x40 /opt/st/stm32cubeide_1.7.0/plugins/com.st.stm32cube.ide.mcu.externaltools.gnu-tools-for-stm32.9-2020-q2-update.linux64_2.0.0.202105311346/tools/bin/../lib/gcc/arm-none-eabi/9.3.1/../../../../arm-none-eabi/lib/thumb/v7e-m+fp/hard/libc_nano.a(lib_a-sprintf.o)
                0x0000000008006cfc                sprintf
                0x0000000008006cfc                siprintf
 .text.__ssputs_r
                0x0000000008006d3c       0xb6 /opt/st/stm32cubeide_1.7.0/plugins/com.st.stm32cube.ide.mcu.externaltools.gnu-tools-for-stm32.9-2020-q2-update.linux64_2.0.0.202105311346/tools/bin/../lib/gcc/arm-none-eabi/9.3.1/../../../../arm-none-eabi/lib/thumb/v7e-m+fp/hard/libc_nano.a(lib_a-nano-svfprintf.o)
                0x0000000008006d3c                __ssputs_r
 *fill*         0x0000000008006df2        0x2 
 .text._svfprintf_r
                0x0000000008006df4      0x200 /opt/st/stm32cubeide_1.7.0/plugins/com.st.stm32cube.ide.mcu.externaltools.gnu-tools-for-stm32.9-2020-q2-update.linux64_2.0.0.202105311346/tools/bin/../lib/gcc/arm-none-eabi/9.3.1/../../../../arm-none-eabi/lib/thumb/v7e-m+fp/hard/libc_nano.a(lib_a-nano-svfprintf.o)
                0x0000000008006df4                _svfprintf_r
                0x0000000008006df4                _svfiprintf_r
 .text._printf_common
                0x0000000008006ff4       0xda /opt/st/stm32cubeide_1.7.0/plugins/com.st.stm32cube.ide.mcu.externaltools.gnu-tools-for-stm32.9-2020-q2-update.linux64_2.0.0.202105311346/tools/bin/../lib/gcc/arm-none-eabi/9.3.1/../../../../arm-none-eabi/lib/thumb/v7e-m+fp/hard/libc_nano.a(lib_a-nano-vfprintf_i.o)
                0x0000000008006ff4                _printf_common
 *fill*         0x00000000080070ce        0x2 
 .text._printf_i
                0x00000000080070d0      0x24c /opt/st/stm32cubeide_1.7.0/plugins/com.st.stm32cube.ide.mcu.externaltools.gnu-tools-for-stm32.9-2020-q2-update.linux64_2.0.0.202105311346/tools/bin/../lib/gcc/arm-none-eabi/9.3.1/../../../../arm-none-eabi/lib/thumb/v7e-m+fp/hard/libc_nano.a(lib_a-nano-vfprintf_i.o)
                0x00000000080070d0                _printf_i
 .text.memcpy   0x000000000800731c       0x1c /opt/st/stm32cubeide_1.7.0/plugins/com.st.stm32cube.ide.mcu.externaltools.gnu-tools-for-stm32.9-2020-q2-update.linux64_2.0.0.202105311346/tools/bin/../lib/gcc/arm-none-eabi/9.3.1/../../../../arm-none-eabi/lib/thumb/v7e-m+fp/hard/libc_nano.a(lib_a-memcpy-stub.o)
                0x000000000800731c                memcpy
 .text.memmove  0x0000000008007338       0x34 /opt/st/stm32cubeide_1.7.0/plugins/com.st.stm32cube.ide.mcu.externaltools.gnu-tools-for-stm32.9-2020-q2-update.linux64_2.0.0.202105311346/tools/bin/../lib/gcc/arm-none-eabi/9.3.1/../../../../arm-none-eabi/lib/thumb/v7e-m+fp/hard/libc_nano.a(lib_a-memmove.o)
                0x0000000008007338                memmove
 .text._free_r  0x000000000800736c       0xa0 /opt/st/stm32cubeide_1.7.0/plugins/com.st.stm32cube.ide.mcu.externaltools.gnu-tools-for-stm32.9-2020-q2-update.linux64_2.0.0.202105311346/tools/bin/../lib/gcc/arm-none-eabi/9.3.1/../../../../arm-none-eabi/lib/thumb/v7e-m+fp/hard/libc_nano.a(lib_a-nano-freer.o)
                0x000000000800736c                _free_r
 .text._malloc_r
                0x000000000800740c       0xb4 /opt/st/stm32cubeide_1.7.0/plugins/com.st.stm32cube.ide.mcu.externaltools.gnu-tools-for-stm32.9-2020-q2-update.linux64_2.0.0.202105311346/tools/bin/../lib/gcc/arm-none-eabi/9.3.1/../../../../arm-none-eabi/lib/thumb/v7e-m+fp/hard/libc_nano.a(lib_a-nano-mallocr.o)
                0x000000000800740c                _malloc_r
 .text._realloc_r
                0x00000000080074c0       0x4c /opt/st/stm32cubeide_1.7.0/plugins/com.st.stm32cube.ide.mcu.externaltools.gnu-tools-for-stm32.9-2020-q2-update.linux64_2.0.0.202105311346/tools/bin/../lib/gcc/arm-none-eabi/9.3.1/../../../../arm-none-eabi/lib/thumb/v7e-m+fp/hard/libc_nano.a(lib_a-nano-reallocr.o)
                0x00000000080074c0                _realloc_r
 .text._sbrk_r  0x000000000800750c       0x20 /opt/st/stm32cubeide_1.7.0/plugins/com.st.stm32cube.ide.mcu.externaltools.gnu-tools-for-stm32.9-2020-q2-update.linux64_2.0.0.202105311346/tools/bin/../lib/gcc/arm-none-eabi/9.3.1/../../../../arm-none-eabi/lib/thumb/v7e-m+fp/hard/libc_nano.a(lib_a-sbrkr.o)
                0x000000000800750c                _sbrk_r
 .text.__malloc_lock
                0x000000000800752c        0xc /opt/st/stm32cubeide_1.7.0/plugins/com.st.stm32cube.ide.mcu.externaltools.gnu-tools-for-stm32.9-2020-q2-update.linux64_2.0.0.202105311346/tools/bin/../lib/gcc/arm-none-eabi/9.3.1/../../../../arm-none-eabi/lib/thumb/v7e-m+fp/hard/libc_nano.a(lib_a-mlock.o)
                0x000000000800752c                __malloc_lock
 .text.__malloc_unlock
                0x0000000008007538        0xc /opt/st/stm32cubeide_1.7.0/plugins/com.st.stm32cube.ide.mcu.externaltools.gnu-tools-for-stm32.9-2020-q2-update.linux64_2.0.0.202105311346/tools/bin/../lib/gcc/arm-none-eabi/9.3.1/../../../../arm-none-eabi/lib/thumb/v7e-m+fp/hard/libc_nano.a(lib_a-mlock.o)
                0x0000000008007538                __malloc_unlock
 .text._malloc_usable_size_r
                0x0000000008007544       0x10 /opt/st/stm32cubeide_1.7.0/plugins/com.st.stm32cube.ide.mcu.externaltools.gnu-tools-for-stm32.9-2020-q2-update.linux64_2.0.0.202105311346/tools/bin/../lib/gcc/arm-none-eabi/9.3.1/../../../../arm-none-eabi/lib/thumb/v7e-m+fp/hard/libc_nano.a(lib_a-nano-msizer.o)
                0x0000000008007544                _malloc_usable_size_r
 .text.__retarget_lock_acquire_recursive
                0x0000000008007554        0x2 /opt/st/stm32cubeide_1.7.0/plugins/com.st.stm32cube.ide.mcu.externaltools.gnu-tools-for-stm32.9-2020-q2-update.linux64_2.0.0.202105311346/tools/bin/../lib/gcc/arm-none-eabi/9.3.1/../../../../arm-none-eabi/lib/thumb/v7e-m+fp/hard/libc_nano.a(lib_a-lock.o)
                0x0000000008007554                __retarget_lock_acquire_recursive
 .text.__retarget_lock_release_recursive
                0x0000000008007556        0x2 /opt/st/stm32cubeide_1.7.0/plugins/com.st.stm32cube.ide.mcu.externaltools.gnu-tools-for-stm32.9-2020-q2-update.linux64_2.0.0.202105311346/tools/bin/../lib/gcc/arm-none-eabi/9.3.1/../../../../arm-none-eabi/lib/thumb/v7e-m+fp/hard/libc_nano.a(lib_a-lock.o)
                0x0000000008007556                __retarget_lock_release_recursive
 *(.glue_7)
 .glue_7        0x0000000008007558        0x0 linker stubs
 *(.glue_7t)
 .glue_7t       0x0000000008007558        0x0 linker stubs
 *(.eh_frame)
 .eh_frame      0x0000000008007558        0x0 /opt/st/stm32cubeide_1.7.0/plugins/com.st.stm32cube.ide.mcu.externaltools.gnu-tools-for-stm32.9-2020-q2-update.linux64_2.0.0.202105311346/tools/bin/../lib/gcc/arm-none-eabi/9.3.1/thumb/v7e-m+fp/hard/crtbegin.o
 *(.init)
 .init          0x0000000008007558        0x4 /opt/st/stm32cubeide_1.7.0/plugins/com.st.stm32cube.ide.mcu.externaltools.gnu-tools-for-stm32.9-2020-q2-update.linux64_2.0.0.202105311346/tools/bin/../lib/gcc/arm-none-eabi/9.3.1/thumb/v7e-m+fp/hard/crti.o
                0x0000000008007558                _init
 .init          0x000000000800755c        0x8 /opt/st/stm32cubeide_1.7.0/plugins/com.st.stm32cube.ide.mcu.externaltools.gnu-tools-for-stm32.9-2020-q2-update.linux64_2.0.0.202105311346/tools/bin/../lib/gcc/arm-none-eabi/9.3.1/thumb/v7e-m+fp/hard/crtn.o
 *(.fini)
 .fini          0x0000000008007564        0x4 /opt/st/stm32cubeide_1.7.0/plugins/com.st.stm32cube.ide.mcu.externaltools.gnu-tools-for-stm32.9-2020-q2-update.linux64_2.0.0.202105311346/tools/bin/../lib/gcc/arm-none-eabi/9.3.1/thumb/v7e-m+fp/hard/crti.o
                0x0000000008007564                _fini
 .fini          0x0000000008007568        0x8 /opt/st/stm32cubeide_1.7.0/plugins/com.st.stm32cube.ide.mcu.externaltools.gnu-tools-for-stm32.9-2020-q2-update.linux64_2.0.0.202105311346/tools/bin/../lib/gcc/arm-none-eabi/9.3.1/thumb/v7e-m+fp/hard/crtn.o
                0x0000000008007570                . = ALIGN (0x4)
                0x0000000008007570                _etext = .

.vfp11_veneer   0x0000000008007570        0x0
 .vfp11_veneer  0x0000000008007570        0x0 linker stubs

.v4_bx          0x0000000008007570        0x0
 .v4_bx         0x0000000008007570        0x0 linker stubs

.iplt           0x0000000008007570        0x0
 .iplt          0x0000000008007570        0x0 /opt/st/stm32cubeide_1.7.0/plugins/com.st.stm32cube.ide.mcu.externaltools.gnu-tools-for-stm32.9-2020-q2-update.linux64_2.0.0.202105311346/tools/bin/../lib/gcc/arm-none-eabi/9.3.1/thumb/v7e-m+fp/hard/crtbegin.o

.rodata         0x0000000008007570    0x4f4e0
                0x0000000008007570                . = ALIGN (0x4)
 *(.rodata)
 .rodata        0x0000000008007570       0x45 ./Core/Src/app.o
 *(.rodata*)
 *fill*         0x00000000080075b5        0x3 
 .rodata.AHBPrescTable
                0x00000000080075b8       0x10 ./Core/Src/system_stm32f7xx.o
                0x00000000080075b8                AHBPrescTable
 .rodata.back_pressed
                0x00000000080075c8      0xf88 ./Core/Src/button/back_pressed.o
                0x00000000080075c8                back_pressed
 .rodata.chart_pressed
                0x0000000008008550      0xfa0 ./Core/Src/button/chart_pressed.o
                0x0000000008008550                chart_pressed
 .rodata.font16_bitmap
                0x00000000080094f0    0x16668 ./Core/Src/hmi_fonts/font16.o
                0x00000000080094f0                font16_bitmap
 .rodata.font16_offset
                0x000000000801fb58      0x178 ./Core/Src/hmi_fonts/font16.o
                0x000000000801fb58                font16_offset
 .rodata.font30_bitmap
                0x000000000801fcd0    0x2cf90 ./Core/Src/hmi_fonts/font30.o
                0x000000000801fcd0                font30_bitmap
 .rodata.font30_offset
                0x000000000804cc60      0x178 ./Core/Src/hmi_fonts/font30.o
                0x000000000804cc60                font30_offset
 .rodata.QRcode
                0x000000000804cdd8     0x4e3c ./Core/Src/images/QRcode.o
                0x000000000804cdd8                QRcode
 .rodata.chart  0x0000000008051c14     0x4e08 ./Core/Src/images/chart.o
                0x0000000008051c14                chart
 .rodata._svfprintf_r.str1.1
                0x0000000008056a1c       0x11 /opt/st/stm32cubeide_1.7.0/plugins/com.st.stm32cube.ide.mcu.externaltools.gnu-tools-for-stm32.9-2020-q2-update.linux64_2.0.0.202105311346/tools/bin/../lib/gcc/arm-none-eabi/9.3.1/../../../../arm-none-eabi/lib/thumb/v7e-m+fp/hard/libc_nano.a(lib_a-nano-svfprintf.o)
 .rodata._printf_i.str1.1
                0x0000000008056a2d       0x22 /opt/st/stm32cubeide_1.7.0/plugins/com.st.stm32cube.ide.mcu.externaltools.gnu-tools-for-stm32.9-2020-q2-update.linux64_2.0.0.202105311346/tools/bin/../lib/gcc/arm-none-eabi/9.3.1/../../../../arm-none-eabi/lib/thumb/v7e-m+fp/hard/libc_nano.a(lib_a-nano-vfprintf_i.o)
                0x0000000008056a50                . = ALIGN (0x4)
 *fill*         0x0000000008056a4f        0x1 

.ARM.extab      0x0000000008056a50        0x0
                0x0000000008056a50                . = ALIGN (0x4)
 *(.ARM.extab* .gnu.linkonce.armextab.*)
                0x0000000008056a50                . = ALIGN (0x4)

.ARM            0x0000000008056a50        0x8
                0x0000000008056a50                . = ALIGN (0x4)
                0x0000000008056a50                __exidx_start = .
 *(.ARM.exidx*)
 .ARM.exidx     0x0000000008056a50        0x8 /opt/st/stm32cubeide_1.7.0/plugins/com.st.stm32cube.ide.mcu.externaltools.gnu-tools-for-stm32.9-2020-q2-update.linux64_2.0.0.202105311346/tools/bin/../lib/gcc/arm-none-eabi/9.3.1/thumb/v7e-m+fp/hard/libgcc.a(_udivmoddi4.o)
                0x0000000008056a58                __exidx_end = .
                0x0000000008056a58                . = ALIGN (0x4)

.rel.dyn        0x0000000008056a58        0x0
 .rel.iplt      0x0000000008056a58        0x0 /opt/st/stm32cubeide_1.7.0/plugins/com.st.stm32cube.ide.mcu.externaltools.gnu-tools-for-stm32.9-2020-q2-update.linux64_2.0.0.202105311346/tools/bin/../lib/gcc/arm-none-eabi/9.3.1/thumb/v7e-m+fp/hard/crtbegin.o

.preinit_array  0x0000000008056a58        0x0
                0x0000000008056a58                . = ALIGN (0x4)
                0x0000000008056a58                PROVIDE (__preinit_array_start = .)
 *(.preinit_array*)
                0x0000000008056a58                PROVIDE (__preinit_array_end = .)
                0x0000000008056a58                . = ALIGN (0x4)

.init_array     0x0000000008056a58        0x4
                0x0000000008056a58                . = ALIGN (0x4)
                0x0000000008056a58                PROVIDE (__init_array_start = .)
 *(SORT_BY_NAME(.init_array.*))
 *(.init_array*)
 .init_array    0x0000000008056a58        0x4 /opt/st/stm32cubeide_1.7.0/plugins/com.st.stm32cube.ide.mcu.externaltools.gnu-tools-for-stm32.9-2020-q2-update.linux64_2.0.0.202105311346/tools/bin/../lib/gcc/arm-none-eabi/9.3.1/thumb/v7e-m+fp/hard/crtbegin.o
                0x0000000008056a5c                PROVIDE (__init_array_end = .)
                0x0000000008056a5c                . = ALIGN (0x4)

.fini_array     0x0000000008056a5c        0x4
                0x0000000008056a5c                . = ALIGN (0x4)
                [!provide]                        PROVIDE (__fini_array_start = .)
 *(SORT_BY_NAME(.fini_array.*))
 *(.fini_array*)
 .fini_array    0x0000000008056a5c        0x4 /opt/st/stm32cubeide_1.7.0/plugins/com.st.stm32cube.ide.mcu.externaltools.gnu-tools-for-stm32.9-2020-q2-update.linux64_2.0.0.202105311346/tools/bin/../lib/gcc/arm-none-eabi/9.3.1/thumb/v7e-m+fp/hard/crtbegin.o
                [!provide]                        PROVIDE (__fini_array_end = .)
                0x0000000008056a60                . = ALIGN (0x4)
                0x0000000008056a60                _sidata = LOADADDR (.data)

.data           0x0000000020000000       0xb0 load address 0x0000000008056a60
                0x0000000020000000                . = ALIGN (0x4)
                0x0000000020000000                _sdata = .
 *(.data)
 *(.data*)
 .data.ft5336_ts_drv
                0x0000000020000000       0x28 ./Core/Src/LCD_Driver/ft5336.o
                0x0000000020000000                ft5336_ts_drv
 .data.SystemCoreClock
                0x0000000020000028        0x4 ./Core/Src/system_stm32f7xx.o
                0x0000000020000028                SystemCoreClock
 .data.font16   0x000000002000002c        0xc ./Core/Src/hmi_fonts/font16.o
                0x000000002000002c                font16
 .data.font30   0x0000000020000038        0xc ./Core/Src/hmi_fonts/font30.o
                0x0000000020000038                font30
 .data.uwTickPrio
                0x0000000020000044        0x4 ./Drivers/STM32F7xx_HAL_Driver/Src/stm32f7xx_hal.o
                0x0000000020000044                uwTickPrio
 .data.uwTickFreq
                0x0000000020000048        0x1 ./Drivers/STM32F7xx_HAL_Driver/Src/stm32f7xx_hal.o
                0x0000000020000048                uwTickFreq
 *fill*         0x0000000020000049        0x3 
 .data._impure_ptr
                0x000000002000004c        0x4 /opt/st/stm32cubeide_1.7.0/plugins/com.st.stm32cube.ide.mcu.externaltools.gnu-tools-for-stm32.9-2020-q2-update.linux64_2.0.0.202105311346/tools/bin/../lib/gcc/arm-none-eabi/9.3.1/../../../../arm-none-eabi/lib/thumb/v7e-m+fp/hard/libc_nano.a(lib_a-impure.o)
                0x000000002000004c                _impure_ptr
 .data.impure_data
                0x0000000020000050       0x60 /opt/st/stm32cubeide_1.7.0/plugins/com.st.stm32cube.ide.mcu.externaltools.gnu-tools-for-stm32.9-2020-q2-update.linux64_2.0.0.202105311346/tools/bin/../lib/gcc/arm-none-eabi/9.3.1/../../../../arm-none-eabi/lib/thumb/v7e-m+fp/hard/libc_nano.a(lib_a-impure.o)
 *(.RamFunc)
 *(.RamFunc*)
                0x00000000200000b0                . = ALIGN (0x4)
                0x00000000200000b0                _edata = .

.igot.plt       0x00000000200000b0        0x0 load address 0x0000000008056b10
 .igot.plt      0x00000000200000b0        0x0 /opt/st/stm32cubeide_1.7.0/plugins/com.st.stm32cube.ide.mcu.externaltools.gnu-tools-for-stm32.9-2020-q2-update.linux64_2.0.0.202105311346/tools/bin/../lib/gcc/arm-none-eabi/9.3.1/thumb/v7e-m+fp/hard/crtbegin.o
                0x00000000200000b0                . = ALIGN (0x4)

.bss            0x00000000200000b0      0x2c0 load address 0x0000000008056b10
                0x00000000200000b0                _sbss = .
                0x00000000200000b0                __bss_start__ = _sbss
 *(.bss)
 .bss           0x00000000200000b0       0x1c /opt/st/stm32cubeide_1.7.0/plugins/com.st.stm32cube.ide.mcu.externaltools.gnu-tools-for-stm32.9-2020-q2-update.linux64_2.0.0.202105311346/tools/bin/../lib/gcc/arm-none-eabi/9.3.1/thumb/v7e-m+fp/hard/crtbegin.o
 *(.bss*)
 .bss.ft5336_handle
                0x00000000200000cc        0x3 ./Core/Src/LCD_Driver/ft5336.o
 *fill*         0x00000000200000cf        0x1 
 .bss.coord.5745
                0x00000000200000d0        0x2 ./Core/Src/LCD_Driver/ft5336.o
 *fill*         0x00000000200000d2        0x2 
 .bss.Command   0x00000000200000d4       0x10 ./Core/Src/LCD_Driver/lcd.o
 .bss.ltdc_draw_event
                0x00000000200000e4        0x4 ./Core/Src/LCD_Driver/lcd.o
 .bss.swap.10285
                0x00000000200000e8        0x1 ./Core/Src/LCD_Driver/lcd.o
 *fill*         0x00000000200000e9        0x3 
 .bss.tsDriver  0x00000000200000ec        0x4 ./Core/Src/LCD_Driver/touch.o
 .bss.tsXBoundary
                0x00000000200000f0        0x2 ./Core/Src/LCD_Driver/touch.o
 .bss.tsYBoundary
                0x00000000200000f2        0x2 ./Core/Src/LCD_Driver/touch.o
 .bss.tsOrientation
                0x00000000200000f4        0x1 ./Core/Src/LCD_Driver/touch.o
 .bss.I2cAddress
                0x00000000200000f5        0x1 ./Core/Src/LCD_Driver/touch.o
 *fill*         0x00000000200000f6        0x2 
 .bss._x.9279   0x00000000200000f8       0x14 ./Core/Src/LCD_Driver/touch.o
 .bss._y.9280   0x000000002000010c       0x14 ./Core/Src/LCD_Driver/touch.o
 .bss.hI2cAudioHandler
                0x0000000020000120       0x4c ./Core/Src/LCD_Driver/ts.o
 .bss.state     0x000000002000016c        0x1 ./Core/Src/app.o
                0x000000002000016c                state
 *fill*         0x000000002000016d        0x1 
 .bss.temperature
                0x000000002000016e        0x2 ./Core/Src/app.o
                0x000000002000016e                temperature
 .bss.temperature_data
                0x0000000020000170       0x14 ./Core/Src/app.o
                0x0000000020000170                temperature_data
 .bss.tim7_flag
                0x0000000020000184        0x1 ./Core/Src/app.o
                0x0000000020000184                tim7_flag
 *fill*         0x0000000020000185        0x3 
 .bss.FMC_Initialized
                0x0000000020000188        0x4 ./Core/Src/stm32f7xx_hal_msp.o
 .bss.__sbrk_heap_end
                0x000000002000018c        0x4 ./Core/Src/sysmem.o
 .bss.__malloc_free_list
                0x0000000020000190        0x4 /opt/st/stm32cubeide_1.7.0/plugins/com.st.stm32cube.ide.mcu.externaltools.gnu-tools-for-stm32.9-2020-q2-update.linux64_2.0.0.202105311346/tools/bin/../lib/gcc/arm-none-eabi/9.3.1/../../../../arm-none-eabi/lib/thumb/v7e-m+fp/hard/libc_nano.a(lib_a-nano-mallocr.o)
                0x0000000020000190                __malloc_free_list
 .bss.__malloc_sbrk_start
                0x0000000020000194        0x4 /opt/st/stm32cubeide_1.7.0/plugins/com.st.stm32cube.ide.mcu.externaltools.gnu-tools-for-stm32.9-2020-q2-update.linux64_2.0.0.202105311346/tools/bin/../lib/gcc/arm-none-eabi/9.3.1/../../../../arm-none-eabi/lib/thumb/v7e-m+fp/hard/libc_nano.a(lib_a-nano-mallocr.o)
                0x0000000020000194                __malloc_sbrk_start
 *(COMMON)
 COMMON         0x0000000020000198       0x24 ./Core/Src/AltIMU10v5/LPS25H.o
                0x0000000020000198                alititude
 COMMON         0x00000000200001bc       0x2c ./Core/Src/app.o
                0x00000000200001bc                touch_state
 COMMON         0x00000000200001e8      0x174 ./Core/Src/main.o
                0x00000000200001e8                hi2c1
                0x0000000020000234                hltdc
                0x00000000200002dc                htim6
                0x0000000020000328                hsdram1
 COMMON         0x000000002000035c        0x4 ./Drivers/STM32F7xx_HAL_Driver/Src/stm32f7xx_hal.o
                0x000000002000035c                uwTick
 COMMON         0x0000000020000360        0x4 /opt/st/stm32cubeide_1.7.0/plugins/com.st.stm32cube.ide.mcu.externaltools.gnu-tools-for-stm32.9-2020-q2-update.linux64_2.0.0.202105311346/tools/bin/../lib/gcc/arm-none-eabi/9.3.1/../../../../arm-none-eabi/lib/thumb/v7e-m+fp/hard/libc_nano.a(lib_a-reent.o)
                0x0000000020000360                errno
 COMMON         0x0000000020000364        0x9 /opt/st/stm32cubeide_1.7.0/plugins/com.st.stm32cube.ide.mcu.externaltools.gnu-tools-for-stm32.9-2020-q2-update.linux64_2.0.0.202105311346/tools/bin/../lib/gcc/arm-none-eabi/9.3.1/../../../../arm-none-eabi/lib/thumb/v7e-m+fp/hard/libc_nano.a(lib_a-lock.o)
                0x0000000020000364                __lock___atexit_recursive_mutex
                0x0000000020000365                __lock___arc4random_mutex
                0x0000000020000366                __lock___env_recursive_mutex
                0x0000000020000367                __lock___sinit_recursive_mutex
                0x0000000020000368                __lock___malloc_recursive_mutex
                0x0000000020000369                __lock___at_quick_exit_mutex
                0x000000002000036a                __lock___dd_hash_mutex
                0x000000002000036b                __lock___tz_mutex
                0x000000002000036c                __lock___sfp_recursive_mutex
                0x0000000020000370                . = ALIGN (0x4)
 *fill*         0x000000002000036d        0x3 
                0x0000000020000370                _ebss = .
                0x0000000020000370                __bss_end__ = _ebss

._user_heap_stack
                0x0000000020000370      0x600 load address 0x0000000008056b10
                0x0000000020000370                . = ALIGN (0x8)
                [!provide]                        PROVIDE (end = .)
                0x0000000020000370                PROVIDE (_end = .)
                0x0000000020000570                . = (. + _Min_Heap_Size)
 *fill*         0x0000000020000370      0x200 
                0x0000000020000970                . = (. + _Min_Stack_Size)
 *fill*         0x0000000020000570      0x400 
                0x0000000020000970                . = ALIGN (0x8)

/DISCARD/
 libc.a(*)
 libm.a(*)
 libgcc.a(*)

.ARM.attributes
                0x0000000000000000       0x30
 *(.ARM.attributes)
 .ARM.attributes
                0x0000000000000000       0x1e /opt/st/stm32cubeide_1.7.0/plugins/com.st.stm32cube.ide.mcu.externaltools.gnu-tools-for-stm32.9-2020-q2-update.linux64_2.0.0.202105311346/tools/bin/../lib/gcc/arm-none-eabi/9.3.1/thumb/v7e-m+fp/hard/crti.o
 .ARM.attributes
                0x000000000000001e       0x34 /opt/st/stm32cubeide_1.7.0/plugins/com.st.stm32cube.ide.mcu.externaltools.gnu-tools-for-stm32.9-2020-q2-update.linux64_2.0.0.202105311346/tools/bin/../lib/gcc/arm-none-eabi/9.3.1/thumb/v7e-m+fp/hard/crtbegin.o
 .ARM.attributes
                0x0000000000000052       0x34 ./Core/Src/AltIMU10v5/LPS25H.o
 .ARM.attributes
                0x0000000000000086       0x34 ./Core/Src/LCD_Driver/ft5336.o
 .ARM.attributes
                0x00000000000000ba       0x34 ./Core/Src/LCD_Driver/lcd.o
 .ARM.attributes
                0x00000000000000ee       0x34 ./Core/Src/LCD_Driver/touch.o
 .ARM.attributes
                0x0000000000000122       0x34 ./Core/Src/LCD_Driver/ts.o
 .ARM.attributes
                0x0000000000000156       0x34 ./Core/Src/app.o
 .ARM.attributes
                0x000000000000018a       0x34 ./Core/Src/main.o
 .ARM.attributes
                0x00000000000001be       0x34 ./Core/Src/stm32f7xx_hal_msp.o
 .ARM.attributes
                0x00000000000001f2       0x34 ./Core/Src/stm32f7xx_it.o
 .ARM.attributes
                0x0000000000000226       0x34 ./Core/Src/sysmem.o
 .ARM.attributes
                0x000000000000025a       0x34 ./Core/Src/system_stm32f7xx.o
 .ARM.attributes
                0x000000000000028e       0x39 ./Core/Src/button/back_pressed.o
 .ARM.attributes
                0x00000000000002c7       0x39 ./Core/Src/button/chart_pressed.o
 .ARM.attributes
                0x0000000000000300       0x39 ./Core/Src/hmi_fonts/font16.o
 .ARM.attributes
                0x0000000000000339       0x39 ./Core/Src/hmi_fonts/font30.o
 .ARM.attributes
                0x0000000000000372       0x39 ./Core/Src/images/QRcode.o
 .ARM.attributes
                0x00000000000003ab       0x39 ./Core/Src/images/chart.o
 .ARM.attributes
                0x00000000000003e4       0x21 ./Core/Startup/startup_stm32f746nghx.o
 .ARM.attributes
                0x0000000000000405       0x34 ./Drivers/STM32F7xx_HAL_Driver/Src/stm32f7xx_hal.o
 .ARM.attributes
                0x0000000000000439       0x34 ./Drivers/STM32F7xx_HAL_Driver/Src/stm32f7xx_hal_cortex.o
 .ARM.attributes
                0x000000000000046d       0x34 ./Drivers/STM32F7xx_HAL_Driver/Src/stm32f7xx_hal_dma.o
 .ARM.attributes
                0x00000000000004a1       0x34 ./Drivers/STM32F7xx_HAL_Driver/Src/stm32f7xx_hal_gpio.o
 .ARM.attributes
                0x00000000000004d5       0x34 ./Drivers/STM32F7xx_HAL_Driver/Src/stm32f7xx_hal_i2c.o
 .ARM.attributes
                0x0000000000000509       0x34 ./Drivers/STM32F7xx_HAL_Driver/Src/stm32f7xx_hal_i2c_ex.o
 .ARM.attributes
                0x000000000000053d       0x34 ./Drivers/STM32F7xx_HAL_Driver/Src/stm32f7xx_hal_ltdc.o
 .ARM.attributes
                0x0000000000000571       0x34 ./Drivers/STM32F7xx_HAL_Driver/Src/stm32f7xx_hal_pwr_ex.o
 .ARM.attributes
                0x00000000000005a5       0x34 ./Drivers/STM32F7xx_HAL_Driver/Src/stm32f7xx_hal_rcc.o
 .ARM.attributes
                0x00000000000005d9       0x34 ./Drivers/STM32F7xx_HAL_Driver/Src/stm32f7xx_hal_rcc_ex.o
 .ARM.attributes
                0x000000000000060d       0x34 ./Drivers/STM32F7xx_HAL_Driver/Src/stm32f7xx_hal_sdram.o
 .ARM.attributes
                0x0000000000000641       0x34 ./Drivers/STM32F7xx_HAL_Driver/Src/stm32f7xx_hal_tim.o
 .ARM.attributes
                0x0000000000000675       0x34 ./Drivers/STM32F7xx_HAL_Driver/Src/stm32f7xx_hal_tim_ex.o
 .ARM.attributes
                0x00000000000006a9       0x34 ./Drivers/STM32F7xx_HAL_Driver/Src/stm32f7xx_ll_fmc.o
 .ARM.attributes
                0x00000000000006dd       0x34 /opt/st/stm32cubeide_1.7.0/plugins/com.st.stm32cube.ide.mcu.externaltools.gnu-tools-for-stm32.9-2020-q2-update.linux64_2.0.0.202105311346/tools/bin/../lib/gcc/arm-none-eabi/9.3.1/../../../../arm-none-eabi/lib/thumb/v7e-m+fp/hard/libc_nano.a(lib_a-errno.o)
 .ARM.attributes
                0x0000000000000711       0x32 /opt/st/stm32cubeide_1.7.0/plugins/com.st.stm32cube.ide.mcu.externaltools.gnu-tools-for-stm32.9-2020-q2-update.linux64_2.0.0.202105311346/tools/bin/../lib/gcc/arm-none-eabi/9.3.1/../../../../arm-none-eabi/lib/thumb/v7e-m+fp/hard/libc_nano.a(lib_a-impure.o)
 .ARM.attributes
                0x0000000000000743       0x34 /opt/st/stm32cubeide_1.7.0/plugins/com.st.stm32cube.ide.mcu.externaltools.gnu-tools-for-stm32.9-2020-q2-update.linux64_2.0.0.202105311346/tools/bin/../lib/gcc/arm-none-eabi/9.3.1/../../../../arm-none-eabi/lib/thumb/v7e-m+fp/hard/libc_nano.a(lib_a-init.o)
 .ARM.attributes
                0x0000000000000777       0x34 /opt/st/stm32cubeide_1.7.0/plugins/com.st.stm32cube.ide.mcu.externaltools.gnu-tools-for-stm32.9-2020-q2-update.linux64_2.0.0.202105311346/tools/bin/../lib/gcc/arm-none-eabi/9.3.1/../../../../arm-none-eabi/lib/thumb/v7e-m+fp/hard/libc_nano.a(lib_a-memset.o)
 .ARM.attributes
                0x00000000000007ab       0x34 /opt/st/stm32cubeide_1.7.0/plugins/com.st.stm32cube.ide.mcu.externaltools.gnu-tools-for-stm32.9-2020-q2-update.linux64_2.0.0.202105311346/tools/bin/../lib/gcc/arm-none-eabi/9.3.1/../../../../arm-none-eabi/lib/thumb/v7e-m+fp/hard/libc_nano.a(lib_a-sprintf.o)
 .ARM.attributes
                0x00000000000007df       0x17 /opt/st/stm32cubeide_1.7.0/plugins/com.st.stm32cube.ide.mcu.externaltools.gnu-tools-for-stm32.9-2020-q2-update.linux64_2.0.0.202105311346/tools/bin/../lib/gcc/arm-none-eabi/9.3.1/../../../../arm-none-eabi/lib/thumb/v7e-m+fp/hard/libc_nano.a(lib_a-strlen.o)
 .ARM.attributes
                0x00000000000007f6       0x34 /opt/st/stm32cubeide_1.7.0/plugins/com.st.stm32cube.ide.mcu.externaltools.gnu-tools-for-stm32.9-2020-q2-update.linux64_2.0.0.202105311346/tools/bin/../lib/gcc/arm-none-eabi/9.3.1/../../../../arm-none-eabi/lib/thumb/v7e-m+fp/hard/libc_nano.a(lib_a-nano-svfprintf.o)
 .ARM.attributes
                0x000000000000082a       0x34 /opt/st/stm32cubeide_1.7.0/plugins/com.st.stm32cube.ide.mcu.externaltools.gnu-tools-for-stm32.9-2020-q2-update.linux64_2.0.0.202105311346/tools/bin/../lib/gcc/arm-none-eabi/9.3.1/../../../../arm-none-eabi/lib/thumb/v7e-m+fp/hard/libc_nano.a(lib_a-nano-vfprintf_i.o)
 .ARM.attributes
                0x000000000000085e       0x1c /opt/st/stm32cubeide_1.7.0/plugins/com.st.stm32cube.ide.mcu.externaltools.gnu-tools-for-stm32.9-2020-q2-update.linux64_2.0.0.202105311346/tools/bin/../lib/gcc/arm-none-eabi/9.3.1/../../../../arm-none-eabi/lib/thumb/v7e-m+fp/hard/libc_nano.a(lib_a-memchr.o)
 .ARM.attributes
                0x000000000000087a       0x34 /opt/st/stm32cubeide_1.7.0/plugins/com.st.stm32cube.ide.mcu.externaltools.gnu-tools-for-stm32.9-2020-q2-update.linux64_2.0.0.202105311346/tools/bin/../lib/gcc/arm-none-eabi/9.3.1/../../../../arm-none-eabi/lib/thumb/v7e-m+fp/hard/libc_nano.a(lib_a-memcpy-stub.o)
 .ARM.attributes
                0x00000000000008ae       0x34 /opt/st/stm32cubeide_1.7.0/plugins/com.st.stm32cube.ide.mcu.externaltools.gnu-tools-for-stm32.9-2020-q2-update.linux64_2.0.0.202105311346/tools/bin/../lib/gcc/arm-none-eabi/9.3.1/../../../../arm-none-eabi/lib/thumb/v7e-m+fp/hard/libc_nano.a(lib_a-memmove.o)
 .ARM.attributes
                0x00000000000008e2       0x34 /opt/st/stm32cubeide_1.7.0/plugins/com.st.stm32cube.ide.mcu.externaltools.gnu-tools-for-stm32.9-2020-q2-update.linux64_2.0.0.202105311346/tools/bin/../lib/gcc/arm-none-eabi/9.3.1/../../../../arm-none-eabi/lib/thumb/v7e-m+fp/hard/libc_nano.a(lib_a-nano-freer.o)
 .ARM.attributes
                0x0000000000000916       0x34 /opt/st/stm32cubeide_1.7.0/plugins/com.st.stm32cube.ide.mcu.externaltools.gnu-tools-for-stm32.9-2020-q2-update.linux64_2.0.0.202105311346/tools/bin/../lib/gcc/arm-none-eabi/9.3.1/../../../../arm-none-eabi/lib/thumb/v7e-m+fp/hard/libc_nano.a(lib_a-nano-mallocr.o)
 .ARM.attributes
                0x000000000000094a       0x34 /opt/st/stm32cubeide_1.7.0/plugins/com.st.stm32cube.ide.mcu.externaltools.gnu-tools-for-stm32.9-2020-q2-update.linux64_2.0.0.202105311346/tools/bin/../lib/gcc/arm-none-eabi/9.3.1/../../../../arm-none-eabi/lib/thumb/v7e-m+fp/hard/libc_nano.a(lib_a-nano-reallocr.o)
 .ARM.attributes
                0x000000000000097e       0x34 /opt/st/stm32cubeide_1.7.0/plugins/com.st.stm32cube.ide.mcu.externaltools.gnu-tools-for-stm32.9-2020-q2-update.linux64_2.0.0.202105311346/tools/bin/../lib/gcc/arm-none-eabi/9.3.1/../../../../arm-none-eabi/lib/thumb/v7e-m+fp/hard/libc_nano.a(lib_a-sbrkr.o)
 .ARM.attributes
                0x00000000000009b2       0x34 /opt/st/stm32cubeide_1.7.0/plugins/com.st.stm32cube.ide.mcu.externaltools.gnu-tools-for-stm32.9-2020-q2-update.linux64_2.0.0.202105311346/tools/bin/../lib/gcc/arm-none-eabi/9.3.1/../../../../arm-none-eabi/lib/thumb/v7e-m+fp/hard/libc_nano.a(lib_a-mlock.o)
 .ARM.attributes
                0x00000000000009e6       0x34 /opt/st/stm32cubeide_1.7.0/plugins/com.st.stm32cube.ide.mcu.externaltools.gnu-tools-for-stm32.9-2020-q2-update.linux64_2.0.0.202105311346/tools/bin/../lib/gcc/arm-none-eabi/9.3.1/../../../../arm-none-eabi/lib/thumb/v7e-m+fp/hard/libc_nano.a(lib_a-nano-msizer.o)
 .ARM.attributes
                0x0000000000000a1a       0x34 /opt/st/stm32cubeide_1.7.0/plugins/com.st.stm32cube.ide.mcu.externaltools.gnu-tools-for-stm32.9-2020-q2-update.linux64_2.0.0.202105311346/tools/bin/../lib/gcc/arm-none-eabi/9.3.1/../../../../arm-none-eabi/lib/thumb/v7e-m+fp/hard/libc_nano.a(lib_a-reent.o)
 .ARM.attributes
                0x0000000000000a4e       0x34 /opt/st/stm32cubeide_1.7.0/plugins/com.st.stm32cube.ide.mcu.externaltools.gnu-tools-for-stm32.9-2020-q2-update.linux64_2.0.0.202105311346/tools/bin/../lib/gcc/arm-none-eabi/9.3.1/../../../../arm-none-eabi/lib/thumb/v7e-m+fp/hard/libc_nano.a(lib_a-lock.o)
 .ARM.attributes
                0x0000000000000a82       0x1e /opt/st/stm32cubeide_1.7.0/plugins/com.st.stm32cube.ide.mcu.externaltools.gnu-tools-for-stm32.9-2020-q2-update.linux64_2.0.0.202105311346/tools/bin/../lib/gcc/arm-none-eabi/9.3.1/thumb/v7e-m+fp/hard/libgcc.a(_aeabi_uldivmod.o)
 .ARM.attributes
                0x0000000000000aa0       0x34 /opt/st/stm32cubeide_1.7.0/plugins/com.st.stm32cube.ide.mcu.externaltools.gnu-tools-for-stm32.9-2020-q2-update.linux64_2.0.0.202105311346/tools/bin/../lib/gcc/arm-none-eabi/9.3.1/thumb/v7e-m+fp/hard/libgcc.a(_udivmoddi4.o)
 .ARM.attributes
                0x0000000000000ad4       0x1e /opt/st/stm32cubeide_1.7.0/plugins/com.st.stm32cube.ide.mcu.externaltools.gnu-tools-for-stm32.9-2020-q2-update.linux64_2.0.0.202105311346/tools/bin/../lib/gcc/arm-none-eabi/9.3.1/thumb/v7e-m+fp/hard/libgcc.a(_dvmd_tls.o)
 .ARM.attributes
                0x0000000000000af2       0x1e /opt/st/stm32cubeide_1.7.0/plugins/com.st.stm32cube.ide.mcu.externaltools.gnu-tools-for-stm32.9-2020-q2-update.linux64_2.0.0.202105311346/tools/bin/../lib/gcc/arm-none-eabi/9.3.1/thumb/v7e-m+fp/hard/crtn.o
OUTPUT(JSSMiIP_Display.elf elf32-littlearm)
LOAD linker stubs
LOAD /opt/st/stm32cubeide_1.7.0/plugins/com.st.stm32cube.ide.mcu.externaltools.gnu-tools-for-stm32.9-2020-q2-update.linux64_2.0.0.202105311346/tools/bin/../lib/gcc/arm-none-eabi/9.3.1/../../../../arm-none-eabi/lib/thumb/v7e-m+fp/hard/libc.a
LOAD /opt/st/stm32cubeide_1.7.0/plugins/com.st.stm32cube.ide.mcu.externaltools.gnu-tools-for-stm32.9-2020-q2-update.linux64_2.0.0.202105311346/tools/bin/../lib/gcc/arm-none-eabi/9.3.1/../../../../arm-none-eabi/lib/thumb/v7e-m+fp/hard/libm.a
LOAD /opt/st/stm32cubeide_1.7.0/plugins/com.st.stm32cube.ide.mcu.externaltools.gnu-tools-for-stm32.9-2020-q2-update.linux64_2.0.0.202105311346/tools/bin/../lib/gcc/arm-none-eabi/9.3.1/thumb/v7e-m+fp/hard/libgcc.a

.debug_info     0x0000000000000000    0x1aea5
 .debug_info    0x0000000000000000     0x12b6 ./Core/Src/AltIMU10v5/LPS25H.o
 .debug_info    0x00000000000012b6      0x5d6 ./Core/Src/LCD_Driver/ft5336.o
 .debug_info    0x000000000000188c     0x1d49 ./Core/Src/LCD_Driver/lcd.o
 .debug_info    0x00000000000035d5      0xa42 ./Core/Src/LCD_Driver/touch.o
 .debug_info    0x0000000000004017      0xf47 ./Core/Src/LCD_Driver/ts.o
 .debug_info    0x0000000000004f5e     0x1752 ./Core/Src/app.o
 .debug_info    0x00000000000066b0     0x213d ./Core/Src/main.o
 .debug_info    0x00000000000087ed     0x1897 ./Core/Src/stm32f7xx_hal_msp.o
 .debug_info    0x000000000000a084      0xba4 ./Core/Src/stm32f7xx_it.o
 .debug_info    0x000000000000ac28      0xa25 ./Core/Src/sysmem.o
 .debug_info    0x000000000000b64d      0x7ad ./Core/Src/system_stm32f7xx.o
 .debug_info    0x000000000000bdfa       0xd5 ./Core/Src/button/back_pressed.o
 .debug_info    0x000000000000becf       0xd5 ./Core/Src/button/chart_pressed.o
 .debug_info    0x000000000000bfa4      0x257 ./Core/Src/hmi_fonts/font16.o
 .debug_info    0x000000000000c1fb      0x257 ./Core/Src/hmi_fonts/font30.o
 .debug_info    0x000000000000c452       0xd5 ./Core/Src/images/QRcode.o
 .debug_info    0x000000000000c527       0xd5 ./Core/Src/images/chart.o
 .debug_info    0x000000000000c5fc       0x22 ./Core/Startup/startup_stm32f746nghx.o
 .debug_info    0x000000000000c61e      0xa42 ./Drivers/STM32F7xx_HAL_Driver/Src/stm32f7xx_hal.o
 .debug_info    0x000000000000d060     0x1116 ./Drivers/STM32F7xx_HAL_Driver/Src/stm32f7xx_hal_cortex.o
 .debug_info    0x000000000000e176      0x9f1 ./Drivers/STM32F7xx_HAL_Driver/Src/stm32f7xx_hal_dma.o
 .debug_info    0x000000000000eb67      0x868 ./Drivers/STM32F7xx_HAL_Driver/Src/stm32f7xx_hal_gpio.o
 .debug_info    0x000000000000f3cf     0x228e ./Drivers/STM32F7xx_HAL_Driver/Src/stm32f7xx_hal_i2c.o
 .debug_info    0x000000000001165d      0xa8e ./Drivers/STM32F7xx_HAL_Driver/Src/stm32f7xx_hal_i2c_ex.o
 .debug_info    0x00000000000120eb     0x1205 ./Drivers/STM32F7xx_HAL_Driver/Src/stm32f7xx_hal_ltdc.o
 .debug_info    0x00000000000132f0      0x9f6 ./Drivers/STM32F7xx_HAL_Driver/Src/stm32f7xx_hal_pwr_ex.o
 .debug_info    0x0000000000013ce6      0x9cc ./Drivers/STM32F7xx_HAL_Driver/Src/stm32f7xx_hal_rcc.o
 .debug_info    0x00000000000146b2      0x82c ./Drivers/STM32F7xx_HAL_Driver/Src/stm32f7xx_hal_rcc_ex.o
 .debug_info    0x0000000000014ede      0xeec ./Drivers/STM32F7xx_HAL_Driver/Src/stm32f7xx_hal_sdram.o
 .debug_info    0x0000000000015dca     0x2d3e ./Drivers/STM32F7xx_HAL_Driver/Src/stm32f7xx_hal_tim.o
 .debug_info    0x0000000000018b08     0x1688 ./Drivers/STM32F7xx_HAL_Driver/Src/stm32f7xx_hal_tim_ex.o
 .debug_info    0x000000000001a190      0xd15 ./Drivers/STM32F7xx_HAL_Driver/Src/stm32f7xx_ll_fmc.o

.debug_abbrev   0x0000000000000000     0x3aa4
 .debug_abbrev  0x0000000000000000      0x277 ./Core/Src/AltIMU10v5/LPS25H.o
 .debug_abbrev  0x0000000000000277      0x212 ./Core/Src/LCD_Driver/ft5336.o
 .debug_abbrev  0x0000000000000489      0x32e ./Core/Src/LCD_Driver/lcd.o
 .debug_abbrev  0x00000000000007b7      0x259 ./Core/Src/LCD_Driver/touch.o
 .debug_abbrev  0x0000000000000a10      0x23d ./Core/Src/LCD_Driver/ts.o
 .debug_abbrev  0x0000000000000c4d      0x296 ./Core/Src/app.o
 .debug_abbrev  0x0000000000000ee3      0x2c7 ./Core/Src/main.o
 .debug_abbrev  0x00000000000011aa      0x243 ./Core/Src/stm32f7xx_hal_msp.o
 .debug_abbrev  0x00000000000013ed      0x181 ./Core/Src/stm32f7xx_it.o
 .debug_abbrev  0x000000000000156e      0x1bf ./Core/Src/sysmem.o
 .debug_abbrev  0x000000000000172d      0x165 ./Core/Src/system_stm32f7xx.o
 .debug_abbrev  0x0000000000001892       0x64 ./Core/Src/button/back_pressed.o
 .debug_abbrev  0x00000000000018f6       0x64 ./Core/Src/button/chart_pressed.o
 .debug_abbrev  0x000000000000195a      0x112 ./Core/Src/hmi_fonts/font16.o
 .debug_abbrev  0x0000000000001a6c      0x112 ./Core/Src/hmi_fonts/font30.o
 .debug_abbrev  0x0000000000001b7e       0x64 ./Core/Src/images/QRcode.o
 .debug_abbrev  0x0000000000001be2       0x64 ./Core/Src/images/chart.o
 .debug_abbrev  0x0000000000001c46       0x12 ./Core/Startup/startup_stm32f746nghx.o
 .debug_abbrev  0x0000000000001c58      0x1ed ./Drivers/STM32F7xx_HAL_Driver/Src/stm32f7xx_hal.o
 .debug_abbrev  0x0000000000001e45      0x33c ./Drivers/STM32F7xx_HAL_Driver/Src/stm32f7xx_hal_cortex.o
 .debug_abbrev  0x0000000000002181      0x259 ./Drivers/STM32F7xx_HAL_Driver/Src/stm32f7xx_hal_dma.o
 .debug_abbrev  0x00000000000023da      0x1f1 ./Drivers/STM32F7xx_HAL_Driver/Src/stm32f7xx_hal_gpio.o
 .debug_abbrev  0x00000000000025cb      0x256 ./Drivers/STM32F7xx_HAL_Driver/Src/stm32f7xx_hal_i2c.o
 .debug_abbrev  0x0000000000002821      0x1bb ./Drivers/STM32F7xx_HAL_Driver/Src/stm32f7xx_hal_i2c_ex.o
 .debug_abbrev  0x00000000000029dc      0x239 ./Drivers/STM32F7xx_HAL_Driver/Src/stm32f7xx_hal_ltdc.o
 .debug_abbrev  0x0000000000002c15      0x1dc ./Drivers/STM32F7xx_HAL_Driver/Src/stm32f7xx_hal_pwr_ex.o
 .debug_abbrev  0x0000000000002df1      0x246 ./Drivers/STM32F7xx_HAL_Driver/Src/stm32f7xx_hal_rcc.o
 .debug_abbrev  0x0000000000003037      0x1d1 ./Drivers/STM32F7xx_HAL_Driver/Src/stm32f7xx_hal_rcc_ex.o
 .debug_abbrev  0x0000000000003208      0x22a ./Drivers/STM32F7xx_HAL_Driver/Src/stm32f7xx_hal_sdram.o
 .debug_abbrev  0x0000000000003432      0x25e ./Drivers/STM32F7xx_HAL_Driver/Src/stm32f7xx_hal_tim.o
 .debug_abbrev  0x0000000000003690      0x266 ./Drivers/STM32F7xx_HAL_Driver/Src/stm32f7xx_hal_tim_ex.o
 .debug_abbrev  0x00000000000038f6      0x1ae ./Drivers/STM32F7xx_HAL_Driver/Src/stm32f7xx_ll_fmc.o

.debug_aranges  0x0000000000000000     0x1480
 .debug_aranges
                0x0000000000000000       0x70 ./Core/Src/AltIMU10v5/LPS25H.o
 .debug_aranges
                0x0000000000000070       0x90 ./Core/Src/LCD_Driver/ft5336.o
 .debug_aranges
                0x0000000000000100       0x98 ./Core/Src/LCD_Driver/lcd.o
 .debug_aranges
                0x0000000000000198       0x58 ./Core/Src/LCD_Driver/touch.o
 .debug_aranges
                0x00000000000001f0       0x60 ./Core/Src/LCD_Driver/ts.o
 .debug_aranges
                0x0000000000000250       0x60 ./Core/Src/app.o
 .debug_aranges
                0x00000000000002b0       0x68 ./Core/Src/main.o
 .debug_aranges
                0x0000000000000318       0x70 ./Core/Src/stm32f7xx_hal_msp.o
 .debug_aranges
                0x0000000000000388       0x78 ./Core/Src/stm32f7xx_it.o
 .debug_aranges
                0x0000000000000400       0x20 ./Core/Src/sysmem.o
 .debug_aranges
                0x0000000000000420       0x28 ./Core/Src/system_stm32f7xx.o
 .debug_aranges
                0x0000000000000448       0x18 ./Core/Src/button/back_pressed.o
 .debug_aranges
                0x0000000000000460       0x18 ./Core/Src/button/chart_pressed.o
 .debug_aranges
                0x0000000000000478       0x18 ./Core/Src/hmi_fonts/font16.o
 .debug_aranges
                0x0000000000000490       0x18 ./Core/Src/hmi_fonts/font30.o
 .debug_aranges
                0x00000000000004a8       0x18 ./Core/Src/images/QRcode.o
 .debug_aranges
                0x00000000000004c0       0x18 ./Core/Src/images/chart.o
 .debug_aranges
                0x00000000000004d8       0x28 ./Core/Startup/startup_stm32f746nghx.o
 .debug_aranges
                0x0000000000000500      0x100 ./Drivers/STM32F7xx_HAL_Driver/Src/stm32f7xx_hal.o
 .debug_aranges
                0x0000000000000600      0x118 ./Drivers/STM32F7xx_HAL_Driver/Src/stm32f7xx_hal_cortex.o
 .debug_aranges
                0x0000000000000718       0x90 ./Drivers/STM32F7xx_HAL_Driver/Src/stm32f7xx_hal_dma.o
 .debug_aranges
                0x00000000000007a8       0x58 ./Drivers/STM32F7xx_HAL_Driver/Src/stm32f7xx_hal_gpio.o
 .debug_aranges
                0x0000000000000800      0x290 ./Drivers/STM32F7xx_HAL_Driver/Src/stm32f7xx_hal_i2c.o
 .debug_aranges
                0x0000000000000a90       0x38 ./Drivers/STM32F7xx_HAL_Driver/Src/stm32f7xx_hal_i2c_ex.o
 .debug_aranges
                0x0000000000000ac8      0x158 ./Drivers/STM32F7xx_HAL_Driver/Src/stm32f7xx_hal_ltdc.o
 .debug_aranges
                0x0000000000000c20       0x80 ./Drivers/STM32F7xx_HAL_Driver/Src/stm32f7xx_hal_pwr_ex.o
 .debug_aranges
                0x0000000000000ca0       0x88 ./Drivers/STM32F7xx_HAL_Driver/Src/stm32f7xx_hal_rcc.o
 .debug_aranges
                0x0000000000000d28       0x50 ./Drivers/STM32F7xx_HAL_Driver/Src/stm32f7xx_hal_rcc_ex.o
 .debug_aranges
                0x0000000000000d78       0xe8 ./Drivers/STM32F7xx_HAL_Driver/Src/stm32f7xx_hal_sdram.o
 .debug_aranges
                0x0000000000000e60      0x3e0 ./Drivers/STM32F7xx_HAL_Driver/Src/stm32f7xx_hal_tim.o
 .debug_aranges
                0x0000000000001240      0x178 ./Drivers/STM32F7xx_HAL_Driver/Src/stm32f7xx_hal_tim_ex.o
 .debug_aranges
                0x00000000000013b8       0xc8 ./Drivers/STM32F7xx_HAL_Driver/Src/stm32f7xx_ll_fmc.o

.debug_ranges   0x0000000000000000     0x1270
 .debug_ranges  0x0000000000000000       0x60 ./Core/Src/AltIMU10v5/LPS25H.o
 .debug_ranges  0x0000000000000060       0x80 ./Core/Src/LCD_Driver/ft5336.o
 .debug_ranges  0x00000000000000e0       0x88 ./Core/Src/LCD_Driver/lcd.o
 .debug_ranges  0x0000000000000168       0x48 ./Core/Src/LCD_Driver/touch.o
 .debug_ranges  0x00000000000001b0       0x50 ./Core/Src/LCD_Driver/ts.o
 .debug_ranges  0x0000000000000200       0x68 ./Core/Src/app.o
 .debug_ranges  0x0000000000000268       0x58 ./Core/Src/main.o
 .debug_ranges  0x00000000000002c0       0x60 ./Core/Src/stm32f7xx_hal_msp.o
 .debug_ranges  0x0000000000000320       0x68 ./Core/Src/stm32f7xx_it.o
 .debug_ranges  0x0000000000000388       0x10 ./Core/Src/sysmem.o
 .debug_ranges  0x0000000000000398       0x18 ./Core/Src/system_stm32f7xx.o
 .debug_ranges  0x00000000000003b0       0x20 ./Core/Startup/startup_stm32f746nghx.o
 .debug_ranges  0x00000000000003d0       0xf0 ./Drivers/STM32F7xx_HAL_Driver/Src/stm32f7xx_hal.o
 .debug_ranges  0x00000000000004c0      0x108 ./Drivers/STM32F7xx_HAL_Driver/Src/stm32f7xx_hal_cortex.o
 .debug_ranges  0x00000000000005c8       0x80 ./Drivers/STM32F7xx_HAL_Driver/Src/stm32f7xx_hal_dma.o
 .debug_ranges  0x0000000000000648       0x48 ./Drivers/STM32F7xx_HAL_Driver/Src/stm32f7xx_hal_gpio.o
 .debug_ranges  0x0000000000000690      0x280 ./Drivers/STM32F7xx_HAL_Driver/Src/stm32f7xx_hal_i2c.o
 .debug_ranges  0x0000000000000910       0x28 ./Drivers/STM32F7xx_HAL_Driver/Src/stm32f7xx_hal_i2c_ex.o
 .debug_ranges  0x0000000000000938      0x148 ./Drivers/STM32F7xx_HAL_Driver/Src/stm32f7xx_hal_ltdc.o
 .debug_ranges  0x0000000000000a80       0x70 ./Drivers/STM32F7xx_HAL_Driver/Src/stm32f7xx_hal_pwr_ex.o
 .debug_ranges  0x0000000000000af0       0x78 ./Drivers/STM32F7xx_HAL_Driver/Src/stm32f7xx_hal_rcc.o
 .debug_ranges  0x0000000000000b68       0x40 ./Drivers/STM32F7xx_HAL_Driver/Src/stm32f7xx_hal_rcc_ex.o
 .debug_ranges  0x0000000000000ba8       0xd8 ./Drivers/STM32F7xx_HAL_Driver/Src/stm32f7xx_hal_sdram.o
 .debug_ranges  0x0000000000000c80      0x3d0 ./Drivers/STM32F7xx_HAL_Driver/Src/stm32f7xx_hal_tim.o
 .debug_ranges  0x0000000000001050      0x168 ./Drivers/STM32F7xx_HAL_Driver/Src/stm32f7xx_hal_tim_ex.o
 .debug_ranges  0x00000000000011b8       0xb8 ./Drivers/STM32F7xx_HAL_Driver/Src/stm32f7xx_ll_fmc.o

.debug_macro    0x0000000000000000     0x5fb4
 .debug_macro   0x0000000000000000      0x2bd ./Core/Src/AltIMU10v5/LPS25H.o
 .debug_macro   0x00000000000002bd       0x1c ./Core/Src/AltIMU10v5/LPS25H.o
 .debug_macro   0x00000000000002d9       0x52 ./Core/Src/AltIMU10v5/LPS25H.o
 .debug_macro   0x000000000000032b       0x18 ./Core/Src/AltIMU10v5/LPS25H.o
 .debug_macro   0x0000000000000343       0x3c ./Core/Src/AltIMU10v5/LPS25H.o
 .debug_macro   0x000000000000037f       0x34 ./Core/Src/AltIMU10v5/LPS25H.o
 .debug_macro   0x00000000000003b3       0x16 ./Core/Src/AltIMU10v5/LPS25H.o
 .debug_macro   0x00000000000003c9       0x43 ./Core/Src/AltIMU10v5/LPS25H.o
 .debug_macro   0x000000000000040c       0x34 ./Core/Src/AltIMU10v5/LPS25H.o
 .debug_macro   0x0000000000000440       0x10 ./Core/Src/AltIMU10v5/LPS25H.o
 .debug_macro   0x0000000000000450       0x58 ./Core/Src/AltIMU10v5/LPS25H.o
 .debug_macro   0x00000000000004a8       0x71 ./Core/Src/AltIMU10v5/LPS25H.o
 .debug_macro   0x0000000000000519       0x1c ./Core/Src/AltIMU10v5/LPS25H.o
 .debug_macro   0x0000000000000535      0x12a ./Core/Src/AltIMU10v5/LPS25H.o
 .debug_macro   0x000000000000065f      0x333 ./Core/Src/AltIMU10v5/LPS25H.o
 .debug_macro   0x0000000000000992      0x1a9 ./Core/Src/AltIMU10v5/LPS25H.o
 .debug_macro   0x0000000000000b3b       0xd0 ./Core/Src/LCD_Driver/ft5336.o
 .debug_macro   0x0000000000000c0b       0x10 ./Core/Src/LCD_Driver/ft5336.o
 .debug_macro   0x0000000000000c1b       0x4c ./Core/Src/LCD_Driver/ft5336.o
 .debug_macro   0x0000000000000c67       0x94 ./Core/Src/LCD_Driver/ft5336.o
 .debug_macro   0x0000000000000cfb       0x3a ./Core/Src/LCD_Driver/ft5336.o
 .debug_macro   0x0000000000000d35       0x57 ./Core/Src/LCD_Driver/ft5336.o
 .debug_macro   0x0000000000000d8c       0x82 ./Core/Src/LCD_Driver/ft5336.o
 .debug_macro   0x0000000000000e0e      0x460 ./Core/Src/LCD_Driver/ft5336.o
 .debug_macro   0x000000000000126e       0x52 ./Core/Src/LCD_Driver/ft5336.o
 .debug_macro   0x00000000000012c0      0x39e ./Core/Src/LCD_Driver/ft5336.o
 .debug_macro   0x000000000000165e      0x339 ./Core/Src/LCD_Driver/lcd.o
 .debug_macro   0x0000000000001997      0x339 ./Core/Src/LCD_Driver/lcd.o
 .debug_macro   0x0000000000001cd0       0x10 ./Core/Src/LCD_Driver/lcd.o
 .debug_macro   0x0000000000001ce0       0x35 ./Core/Src/LCD_Driver/lcd.o
 .debug_macro   0x0000000000001d15       0x20 ./Core/Src/LCD_Driver/lcd.o
 .debug_macro   0x0000000000001d35       0xd9 ./Core/Src/LCD_Driver/lcd.o
 .debug_macro   0x0000000000001e0e       0x5d ./Core/Src/LCD_Driver/lcd.o
 .debug_macro   0x0000000000001e6b       0xe8 ./Core/Src/LCD_Driver/lcd.o
 .debug_macro   0x0000000000001f53      0x281 ./Core/Src/LCD_Driver/touch.o
 .debug_macro   0x00000000000021d4       0x52 ./Core/Src/LCD_Driver/touch.o
 .debug_macro   0x0000000000002226      0x264 ./Core/Src/LCD_Driver/ts.o
 .debug_macro   0x000000000000248a      0x3e3 ./Core/Src/app.o
 .debug_macro   0x000000000000286d       0xe2 ./Core/Src/app.o
 .debug_macro   0x000000000000294f       0x2e ./Core/Src/app.o
 .debug_macro   0x000000000000297d       0x22 ./Core/Src/app.o
 .debug_macro   0x000000000000299f       0x1c ./Core/Src/app.o
 .debug_macro   0x00000000000029bb       0x10 ./Core/Src/app.o
 .debug_macro   0x00000000000029cb       0x10 ./Core/Src/app.o
 .debug_macro   0x00000000000029db       0x1c ./Core/Src/app.o
 .debug_macro   0x00000000000029f7       0x52 ./Core/Src/app.o
 .debug_macro   0x0000000000002a49       0x22 ./Core/Src/app.o
 .debug_macro   0x0000000000002a6b       0x10 ./Core/Src/app.o
 .debug_macro   0x0000000000002a7b       0x40 ./Core/Src/app.o
 .debug_macro   0x0000000000002abb       0xd5 ./Core/Src/app.o
 .debug_macro   0x0000000000002b90       0x1c ./Core/Src/app.o
 .debug_macro   0x0000000000002bac       0x3d ./Core/Src/app.o
 .debug_macro   0x0000000000002be9       0x16 ./Core/Src/app.o
 .debug_macro   0x0000000000002bff      0x145 ./Core/Src/app.o
 .debug_macro   0x0000000000002d44      0x2bb ./Core/Src/main.o
 .debug_macro   0x0000000000002fff       0x1c ./Core/Src/main.o
 .debug_macro   0x000000000000301b      0x212 ./Core/Src/stm32f7xx_hal_msp.o
 .debug_macro   0x000000000000322d      0x21c ./Core/Src/stm32f7xx_it.o
 .debug_macro   0x0000000000003449       0xff ./Core/Src/sysmem.o
 .debug_macro   0x0000000000003548      0x23b ./Core/Src/sysmem.o
 .debug_macro   0x0000000000003783      0x203 ./Core/Src/system_stm32f7xx.o
 .debug_macro   0x0000000000003986       0xb3 ./Core/Src/button/back_pressed.o
 .debug_macro   0x0000000000003a39       0xb3 ./Core/Src/button/chart_pressed.o
 .debug_macro   0x0000000000003aec      0x268 ./Core/Src/hmi_fonts/font16.o
 .debug_macro   0x0000000000003d54      0x104 ./Core/Src/hmi_fonts/font16.o
 .debug_macro   0x0000000000003e58      0x268 ./Core/Src/hmi_fonts/font30.o
 .debug_macro   0x00000000000040c0       0xb3 ./Core/Src/images/QRcode.o
 .debug_macro   0x0000000000004173       0xb3 ./Core/Src/images/chart.o
 .debug_macro   0x0000000000004226      0x227 ./Drivers/STM32F7xx_HAL_Driver/Src/stm32f7xx_hal.o
 .debug_macro   0x000000000000444d      0x203 ./Drivers/STM32F7xx_HAL_Driver/Src/stm32f7xx_hal_cortex.o
 .debug_macro   0x0000000000004650      0x209 ./Drivers/STM32F7xx_HAL_Driver/Src/stm32f7xx_hal_dma.o
 .debug_macro   0x0000000000004859      0x209 ./Drivers/STM32F7xx_HAL_Driver/Src/stm32f7xx_hal_gpio.o