stm32f7xx_hal_msp.c:64:6:HAL_MspInit	16	static
stm32f7xx_hal_msp.c:86:6:HAL_I2C_MspInit	48	static
stm32f7xx_hal_msp.c:127:6:HAL_I2C_MspDeInit	16	static
stm32f7xx_hal_msp.c:161:6:HAL_LTDC_MspInit	64	static
stm32f7xx_hal_msp.c:259:6:HAL_LTDC_MspDeInit	16	static
stm32f7xx_hal_msp.c:326:6:HAL_TIM_Base_MspInit	24	static
stm32f7xx_hal_msp.c:365:6:HAL_TIM_Base_MspDeInit	16	static
stm32f7xx_hal_msp.c:400:13:HAL_FMC_MspInit	32	static
stm32f7xx_hal_msp.c:506:6:HAL_SDRAM_MspInit	16	static
stm32f7xx_hal_msp.c:518:13:HAL_FMC_MspDeInit	8	static
stm32f7xx_hal_msp.c:592:6:HAL_SDRAM_MspDeInit	16	static
